mode: set
pinz/backend/statistics-service/internal/metrics/metrics.go:18.13,35.2 5 0
pinz/backend/statistics-service/internal/metrics/metrics.go:37.52,38.22 1 0
pinz/backend/statistics-service/internal/metrics/metrics.go:38.22,40.3 1 0
pinz/backend/statistics-service/internal/metrics/metrics.go:41.2,41.82 1 0
pinz/backend/statistics-service/internal/metrics/metrics.go:44.84,45.30 1 0
pinz/backend/statistics-service/internal/metrics/metrics.go:45.30,47.3 1 0
pinz/backend/statistics-service/internal/metrics/metrics.go:48.2,48.99 1 0
pinz/backend/statistics-service/internal/metrics/metrics.go:51.83,52.27 1 0
pinz/backend/statistics-service/internal/metrics/metrics.go:52.27,54.3 1 0
pinz/backend/statistics-service/internal/metrics/metrics.go:55.2,60.4 1 0
pinz/backend/statistics-service/internal/metrics/metrics.go:63.95,64.34 1 0
pinz/backend/statistics-service/internal/metrics/metrics.go:64.34,66.3 1 0
pinz/backend/statistics-service/internal/metrics/metrics.go:67.2,70.4 1 0
pinz/backend/statistics-service/internal/metrics/metrics.go:18.13,35.2 5 0
pinz/backend/statistics-service/internal/metrics/metrics.go:37.52,38.22 1 1
pinz/backend/statistics-service/internal/metrics/metrics.go:38.22,40.3 1 1
pinz/backend/statistics-service/internal/metrics/metrics.go:41.2,41.82 1 0
pinz/backend/statistics-service/internal/metrics/metrics.go:44.84,45.30 1 1
pinz/backend/statistics-service/internal/metrics/metrics.go:45.30,47.3 1 1
pinz/backend/statistics-service/internal/metrics/metrics.go:48.2,48.99 1 0
pinz/backend/statistics-service/internal/metrics/metrics.go:51.83,52.27 1 0
pinz/backend/statistics-service/internal/metrics/metrics.go:52.27,54.3 1 0
pinz/backend/statistics-service/internal/metrics/metrics.go:55.2,60.4 1 0
pinz/backend/statistics-service/internal/metrics/metrics.go:63.95,64.34 1 0
pinz/backend/statistics-service/internal/metrics/metrics.go:64.34,66.3 1 0
pinz/backend/statistics-service/internal/metrics/metrics.go:67.2,70.4 1 0
pinz/backend/statistics-service/internal/repositories/event_log_repository.go:12.60,14.2 1 0
pinz/backend/statistics-service/internal/repositories/event_log_repository.go:16.93,20.2 3 0
pinz/backend/statistics-service/internal/repositories/event_log_repository.go:24.98,29.2 2 0
pinz/backend/statistics-service/internal/repositories/geo_event_publisher.go:25.68,27.2 1 0
pinz/backend/statistics-service/internal/repositories/geo_event_publisher.go:29.122,30.33 1 0
pinz/backend/statistics-service/internal/repositories/geo_event_publisher.go:30.33,32.3 1 0
pinz/backend/statistics-service/internal/repositories/geo_event_publisher.go:33.2,34.18 2 0
pinz/backend/statistics-service/internal/repositories/geo_event_publisher.go:34.18,36.3 1 0
pinz/backend/statistics-service/internal/repositories/geo_event_publisher.go:37.2,37.22 1 0
pinz/backend/statistics-service/internal/repositories/geo_event_publisher.go:37.22,38.50 1 0
pinz/backend/statistics-service/internal/repositories/geo_event_publisher.go:38.50,40.4 1 0
pinz/backend/statistics-service/internal/repositories/geo_event_publisher.go:42.2,42.104 1 0
pinz/backend/statistics-service/internal/repositories/geo_event_publisher.go:42.104,45.3 2 0
pinz/backend/statistics-service/internal/repositories/geo_event_publisher.go:46.2,46.12 1 0
pinz/backend/statistics-service/internal/repositories/geo_registry_repository.go:12.40,14.2 1 0
pinz/backend/statistics-service/internal/repositories/geo_registry_repository.go:22.66,24.2 1 0
pinz/backend/statistics-service/internal/repositories/geo_registry_repository.go:26.92,27.31 1 0
pinz/backend/statistics-service/internal/repositories/geo_registry_repository.go:27.31,29.3 1 0
pinz/backend/statistics-service/internal/repositories/geo_registry_repository.go:30.2,31.25 2 0
pinz/backend/statistics-service/internal/repositories/geo_registry_repository.go:31.25,33.3 1 0
pinz/backend/statistics-service/internal/repositories/geo_registry_repository.go:34.2,42.12 2 0
pinz/backend/statistics-service/internal/repositories/geo_registry_repository.go:50.147,53.41 3 0
pinz/backend/statistics-service/internal/repositories/geo_registry_repository.go:53.41,55.3 1 0
pinz/backend/statistics-service/internal/repositories/geo_registry_repository.go:57.2,58.23 2 0
pinz/backend/statistics-service/internal/repositories/geo_registry_repository.go:58.23,60.17 2 0
pinz/backend/statistics-service/internal/repositories/geo_registry_repository.go:60.17,62.4 1 0
pinz/backend/statistics-service/internal/repositories/geo_registry_repository.go:63.3,63.16 1 0
pinz/backend/statistics-service/internal/repositories/geo_registry_repository.go:66.2,67.20 2 0
pinz/backend/statistics-service/internal/repositories/geo_registry_repository.go:67.20,69.21 2 0
pinz/backend/statistics-service/internal/repositories/geo_registry_repository.go:69.21,71.4 1 0
pinz/backend/statistics-service/internal/repositories/geo_registry_repository.go:72.3,73.17 2 0
pinz/backend/statistics-service/internal/repositories/geo_registry_repository.go:73.17,75.4 1 0
pinz/backend/statistics-service/internal/repositories/geo_registry_repository.go:76.3,76.13 1 0
pinz/backend/statistics-service/internal/repositories/geo_registry_repository.go:78.2,78.27 1 0
pinz/backend/statistics-service/internal/repositories/geo_registry_repository.go:85.132,91.21 2 0
pinz/backend/statistics-service/internal/repositories/geo_registry_repository.go:91.21,104.17 2 0
pinz/backend/statistics-service/internal/repositories/geo_registry_repository.go:104.17,106.4 1 0
pinz/backend/statistics-service/internal/repositories/geo_registry_repository.go:107.8,120.17 2 0
pinz/backend/statistics-service/internal/repositories/geo_registry_repository.go:120.17,122.4 1 0
pinz/backend/statistics-service/internal/repositories/geo_registry_repository.go:124.2,124.18 1 0
pinz/backend/statistics-service/internal/repositories/geo_registry_repository.go:124.18,127.3 2 0
pinz/backend/statistics-service/internal/repositories/geo_registry_repository.go:128.2,128.18 1 0
pinz/backend/statistics-service/internal/repositories/geo_registry_repository.go:131.101,136.73 4 0
pinz/backend/statistics-service/internal/repositories/geo_registry_repository.go:136.73,138.3 1 0
pinz/backend/statistics-service/internal/repositories/geo_registry_repository.go:139.2,139.18 1 0
pinz/backend/statistics-service/internal/repositories/geo_registry_repository.go:139.18,142.3 2 0
pinz/backend/statistics-service/internal/repositories/geo_registry_repository.go:143.2,143.18 1 0
pinz/backend/statistics-service/internal/repositories/redis_client.go:16.47,18.16 2 0
pinz/backend/statistics-service/internal/repositories/redis_client.go:18.16,19.43 1 0
pinz/backend/statistics-service/internal/repositories/redis_client.go:19.43,21.18 2 0
pinz/backend/statistics-service/internal/repositories/redis_client.go:21.18,23.5 1 0
pinz/backend/statistics-service/internal/repositories/redis_client.go:24.4,25.66 2 0
pinz/backend/statistics-service/internal/repositories/redis_client.go:25.66,27.5 1 0
pinz/backend/statistics-service/internal/repositories/redis_client.go:28.4,29.22 2 0
pinz/backend/statistics-service/internal/repositories/redis_client.go:31.3,31.18 1 0
pinz/backend/statistics-service/internal/repositories/redis_client.go:33.2,34.64 2 0
pinz/backend/statistics-service/internal/repositories/redis_client.go:34.64,36.3 1 0
pinz/backend/statistics-service/internal/repositories/redis_client.go:37.2,38.20 2 0
pinz/backend/statistics-service/internal/repositories/redis_client.go:41.44,42.60 1 0
pinz/backend/statistics-service/internal/repositories/redis_client.go:42.60,44.3 1 0
pinz/backend/statistics-service/internal/repositories/redis_client.go:45.2,45.60 1 0
pinz/backend/statistics-service/internal/repositories/redis_client.go:45.60,47.3 1 0
pinz/backend/statistics-service/internal/repositories/stream_queryer.go:17.80,18.21 1 0
pinz/backend/statistics-service/internal/repositories/stream_queryer.go:18.21,20.3 1 0
pinz/backend/statistics-service/internal/repositories/stream_queryer.go:21.2,21.44 1 0
pinz/backend/statistics-service/internal/repositories/stream_queryer.go:24.108,25.21 1 0
pinz/backend/statistics-service/internal/repositories/stream_queryer.go:25.21,27.3 1 0
pinz/backend/statistics-service/internal/repositories/stream_queryer.go:28.2,29.16 2 0
pinz/backend/statistics-service/internal/repositories/stream_queryer.go:29.16,30.47 1 0
pinz/backend/statistics-service/internal/repositories/stream_queryer.go:30.47,32.4 1 0
pinz/backend/statistics-service/internal/repositories/stream_queryer.go:33.3,33.39 1 0
pinz/backend/statistics-service/internal/repositories/stream_queryer.go:35.2,35.14 1 0
pinz/backend/statistics-service/internal/repositories/stream_queryer.go:35.14,37.3 1 0
pinz/backend/statistics-service/internal/repositories/stream_queryer.go:38.2,39.18 2 0
pinz/backend/statistics-service/internal/repositories/stream_queryer.go:39.18,41.3 1 0
pinz/backend/statistics-service/internal/repositories/stream_queryer.go:42.2,45.32 2 0
pinz/backend/statistics-service/internal/repositories/stream_queryer.go:45.32,47.3 1 0
pinz/backend/statistics-service/internal/repositories/stream_queryer.go:48.2,48.17 1 0
pinz/backend/statistics-service/internal/repositories/trip_locations_repository.go:20.70,22.2 1 0
pinz/backend/statistics-service/internal/repositories/trip_locations_repository.go:25.102,31.2 2 0
pinz/backend/statistics-service/internal/repositories/trip_locations_repository.go:34.92,37.2 2 0
pinz/backend/statistics-service/internal/repositories/trip_locations_repository.go:41.154,42.23 1 0
pinz/backend/statistics-service/internal/repositories/trip_locations_repository.go:42.23,44.3 1 0
pinz/backend/statistics-service/internal/repositories/trip_locations_repository.go:45.2,53.22 3 0
pinz/backend/statistics-service/internal/repositories/trip_locations_repository.go:53.22,56.3 2 0
pinz/backend/statistics-service/internal/repositories/trip_locations_repository.go:57.2,62.16 3 0
pinz/backend/statistics-service/internal/repositories/trip_locations_repository.go:62.16,64.3 1 0
pinz/backend/statistics-service/internal/repositories/trip_locations_repository.go:65.2,67.18 3 0
pinz/backend/statistics-service/internal/repositories/trip_locations_repository.go:67.18,69.112 2 0
pinz/backend/statistics-service/internal/repositories/trip_locations_repository.go:69.112,71.4 1 0
pinz/backend/statistics-service/internal/repositories/trip_locations_repository.go:72.3,72.24 1 0
pinz/backend/statistics-service/internal/repositories/trip_locations_repository.go:74.2,74.24 1 0
pinz/backend/statistics-service/internal/repositories/user_stats_repository.go:15.62,17.2 1 0
pinz/backend/statistics-service/internal/repositories/user_stats_repository.go:19.106,24.111 3 0
pinz/backend/statistics-service/internal/repositories/user_stats_repository.go:24.111,25.36 1 0
pinz/backend/statistics-service/internal/repositories/user_stats_repository.go:25.36,27.4 1 0
pinz/backend/statistics-service/internal/repositories/user_stats_repository.go:28.3,28.18 1 0
pinz/backend/statistics-service/internal/repositories/user_stats_repository.go:30.2,30.16 1 0
pinz/backend/statistics-service/internal/repositories/user_stats_repository.go:33.104,41.2 2 0
pinz/backend/statistics-service/internal/repositories/user_stats_repository.go:43.101,45.2 1 0
pinz/backend/statistics-service/internal/repositories/user_stats_repository.go:47.104,49.2 1 0
pinz/backend/statistics-service/internal/repositories/user_stats_repository.go:51.103,53.2 1 0
pinz/backend/statistics-service/internal/services/geocoding.go:38.51,41.19 3 1
pinz/backend/statistics-service/internal/services/geocoding.go:41.19,46.3 1 1
pinz/backend/statistics-service/internal/services/geocoding.go:47.2,66.3 3 1
pinz/backend/statistics-service/internal/services/geocoding.go:71.137,72.37 1 1
pinz/backend/statistics-service/internal/services/geocoding.go:72.37,74.3 1 1
pinz/backend/statistics-service/internal/services/geocoding.go:76.2,77.15 2 1
pinz/backend/statistics-service/internal/services/geocoding.go:77.15,79.3 1 1
pinz/backend/statistics-service/internal/services/geocoding.go:81.2,82.16 2 1
pinz/backend/statistics-service/internal/services/geocoding.go:82.16,85.3 2 0
pinz/backend/statistics-service/internal/services/geocoding.go:87.2,91.20 5 1
pinz/backend/statistics-service/internal/services/geocoding.go:91.20,93.3 1 1
pinz/backend/statistics-service/internal/services/geocoding.go:94.2,97.16 3 1
pinz/backend/statistics-service/internal/services/geocoding.go:97.16,100.3 2 0
pinz/backend/statistics-service/internal/services/geocoding.go:101.2,103.38 2 1
pinz/backend/statistics-service/internal/services/geocoding.go:103.38,106.3 2 1
pinz/backend/statistics-service/internal/services/geocoding.go:108.2,109.65 2 1
pinz/backend/statistics-service/internal/services/geocoding.go:109.65,112.3 2 1
pinz/backend/statistics-service/internal/services/geocoding.go:114.2,116.16 3 1
pinz/backend/statistics-service/internal/services/geocoding.go:116.16,118.3 1 1
pinz/backend/statistics-service/internal/services/geocoding.go:119.2,119.16 1 1
pinz/backend/statistics-service/internal/services/geocoding.go:119.16,121.3 1 1
pinz/backend/statistics-service/internal/services/geocoding.go:123.2,124.9 2 1
pinz/backend/statistics-service/internal/services/geocoding.go:125.35,126.31 1 1
pinz/backend/statistics-service/internal/services/geocoding.go:127.18,128.14 1 1
pinz/backend/statistics-service/internal/services/geocoding.go:129.10,130.17 1 1
pinz/backend/statistics-service/internal/services/geocoding.go:133.2,133.16 1 1
pinz/backend/statistics-service/internal/services/geocoding.go:133.16,135.3 1 0
pinz/backend/statistics-service/internal/services/geocoding.go:135.8,137.3 1 1
pinz/backend/statistics-service/internal/services/geocoding.go:138.2,138.33 1 1
pinz/backend/statistics-service/internal/services/geocoding.go:141.50,142.16 1 1
pinz/backend/statistics-service/internal/services/geocoding.go:142.16,144.3 1 1
pinz/backend/statistics-service/internal/services/geocoding.go:145.2,145.16 1 1
pinz/backend/statistics-service/internal/services/geocoding.go:145.16,147.3 1 1
pinz/backend/statistics-service/internal/services/geocoding.go:148.2,148.19 1 1
pinz/backend/statistics-service/internal/services/statistics_service.go:23.22,25.2 1 1
pinz/backend/statistics-service/internal/services/statistics_service.go:29.126,31.18 2 1
pinz/backend/statistics-service/internal/services/statistics_service.go:31.18,33.3 1 1
pinz/backend/statistics-service/internal/services/statistics_service.go:34.2,35.16 2 1
pinz/backend/statistics-service/internal/services/statistics_service.go:35.16,37.3 1 1
pinz/backend/statistics-service/internal/services/statistics_service.go:38.2,43.9 1 1
pinz/backend/statistics-service/internal/services/statistics_service.go:48.147,50.18 2 1
pinz/backend/statistics-service/internal/services/statistics_service.go:50.18,52.3 1 1
pinz/backend/statistics-service/internal/services/statistics_service.go:53.2,54.73 2 1
pinz/backend/statistics-service/internal/services/statistics_service.go:54.73,56.3 1 1
pinz/backend/statistics-service/internal/services/statistics_service.go:57.2,58.16 2 1
pinz/backend/statistics-service/internal/services/statistics_service.go:58.16,60.3 1 0
pinz/backend/statistics-service/internal/services/statistics_service.go:61.2,62.25 2 1
pinz/backend/statistics-service/internal/services/statistics_service.go:62.25,71.3 1 1
pinz/backend/statistics-service/internal/services/statistics_service.go:72.2,72.61 1 1
pinz/backend/statistics-service/internal/worker/worker.go:47.45,48.20 1 0
pinz/backend/statistics-service/internal/worker/worker.go:48.20,52.3 3 0
pinz/backend/statistics-service/internal/worker/worker.go:53.2,53.50 1 0
pinz/backend/statistics-service/internal/worker/worker.go:53.50,55.3 1 0
pinz/backend/statistics-service/internal/worker/worker.go:56.2,58.6 2 0
pinz/backend/statistics-service/internal/worker/worker.go:58.6,59.10 1 0
pinz/backend/statistics-service/internal/worker/worker.go:60.21,62.14 2 0
pinz/backend/statistics-service/internal/worker/worker.go:63.11,63.11 0 0
pinz/backend/statistics-service/internal/worker/worker.go:66.3,73.37 2 0
pinz/backend/statistics-service/internal/worker/worker.go:73.37,74.24 1 0
pinz/backend/statistics-service/internal/worker/worker.go:74.24,76.5 1 0
pinz/backend/statistics-service/internal/worker/worker.go:77.4,79.12 3 0
pinz/backend/statistics-service/internal/worker/worker.go:82.3,82.34 1 0
pinz/backend/statistics-service/internal/worker/worker.go:82.34,83.40 1 0
pinz/backend/statistics-service/internal/worker/worker.go:83.40,86.54 3 0
pinz/backend/statistics-service/internal/worker/worker.go:86.54,90.14 3 0
pinz/backend/statistics-service/internal/worker/worker.go:92.5,94.89 3 0
pinz/backend/statistics-service/internal/worker/worker.go:94.89,96.6 1 0
pinz/backend/statistics-service/internal/worker/worker.go:102.67,103.119 1 0
pinz/backend/statistics-service/internal/worker/worker.go:103.119,106.3 2 0
pinz/backend/statistics-service/internal/worker/worker.go:107.2,107.12 1 0
pinz/backend/statistics-service/internal/worker/worker.go:110.37,112.2 1 0
pinz/backend/statistics-service/internal/worker/worker.go:114.75,116.16 2 0
pinz/backend/statistics-service/internal/worker/worker.go:116.16,118.3 1 0
pinz/backend/statistics-service/internal/worker/worker.go:119.2,119.15 1 0
pinz/backend/statistics-service/internal/worker/worker.go:119.15,121.3 1 0
pinz/backend/statistics-service/internal/worker/worker.go:123.2,124.21 2 0
pinz/backend/statistics-service/internal/worker/worker.go:124.21,127.3 2 0
pinz/backend/statistics-service/internal/worker/worker.go:129.2,133.80 4 0
pinz/backend/statistics-service/internal/worker/worker.go:133.80,135.3 1 0
pinz/backend/statistics-service/internal/worker/worker.go:136.2,136.57 1 0
pinz/backend/statistics-service/internal/worker/worker.go:139.120,140.19 1 0
pinz/backend/statistics-service/internal/worker/worker.go:141.32,142.62 1 0
pinz/backend/statistics-service/internal/worker/worker.go:143.24,144.19 1 0
pinz/backend/statistics-service/internal/worker/worker.go:144.19,146.4 1 0
pinz/backend/statistics-service/internal/worker/worker.go:147.3,147.53 1 0
pinz/backend/statistics-service/internal/worker/worker.go:148.22,149.70 1 0
pinz/backend/statistics-service/internal/worker/worker.go:150.24,151.70 1 0
pinz/backend/statistics-service/internal/worker/worker.go:152.25,153.73 1 0
pinz/backend/statistics-service/internal/worker/worker.go:154.27,155.73 1 0
pinz/backend/statistics-service/internal/worker/worker.go:156.27,157.72 1 0
pinz/backend/statistics-service/internal/worker/worker.go:158.10,159.79 1 0
pinz/backend/statistics-service/internal/worker/worker.go:161.2,161.12 1 0
pinz/backend/statistics-service/internal/worker/worker.go:164.127,165.28 1 0
pinz/backend/statistics-service/internal/worker/worker.go:165.28,166.14 1 0
pinz/backend/statistics-service/internal/worker/worker.go:166.14,167.12 1 0
pinz/backend/statistics-service/internal/worker/worker.go:169.3,169.44 1 0
pinz/backend/statistics-service/internal/worker/worker.go:169.44,171.4 1 0
pinz/backend/statistics-service/internal/worker/worker.go:173.2,173.12 1 0
pinz/backend/statistics-service/internal/worker/worker.go:183.108,184.18 1 0
pinz/backend/statistics-service/internal/worker/worker.go:184.18,186.3 1 0
pinz/backend/statistics-service/internal/worker/worker.go:187.2,188.23 2 0
pinz/backend/statistics-service/internal/worker/worker.go:188.23,190.3 1 0
pinz/backend/statistics-service/internal/worker/worker.go:192.2,201.31 4 0
pinz/backend/statistics-service/internal/worker/worker.go:201.31,203.10 2 0
pinz/backend/statistics-service/internal/worker/worker.go:203.10,204.12 1 0
pinz/backend/statistics-service/internal/worker/worker.go:206.3,209.38 4 0
pinz/backend/statistics-service/internal/worker/worker.go:209.38,210.12 1 0
pinz/backend/statistics-service/internal/worker/worker.go:213.3,214.17 2 0
pinz/backend/statistics-service/internal/worker/worker.go:214.17,216.12 2 0
pinz/backend/statistics-service/internal/worker/worker.go:218.3,218.17 1 0
pinz/backend/statistics-service/internal/worker/worker.go:218.17,219.12 1 0
pinz/backend/statistics-service/internal/worker/worker.go:221.3,226.17 5 0
pinz/backend/statistics-service/internal/worker/worker.go:226.17,228.12 2 0
pinz/backend/statistics-service/internal/worker/worker.go:231.3,232.24 2 0
pinz/backend/statistics-service/internal/worker/worker.go:232.24,235.77 3 0
pinz/backend/statistics-service/internal/worker/worker.go:235.77,237.5 1 0
pinz/backend/statistics-service/internal/worker/worker.go:239.3,239.21 1 0
pinz/backend/statistics-service/internal/worker/worker.go:239.21,242.74 3 0
pinz/backend/statistics-service/internal/worker/worker.go:242.74,244.5 1 0
pinz/backend/statistics-service/internal/worker/worker.go:246.3,246.42 1 0
pinz/backend/statistics-service/internal/worker/worker.go:249.2,249.28 1 0
pinz/backend/statistics-service/internal/worker/worker.go:249.28,251.3 1 0
pinz/backend/statistics-service/internal/worker/worker.go:254.2,255.30 2 0
pinz/backend/statistics-service/internal/worker/worker.go:255.30,257.26 2 0
pinz/backend/statistics-service/internal/worker/worker.go:257.26,259.4 1 0
pinz/backend/statistics-service/internal/worker/worker.go:260.3,260.41 1 0
pinz/backend/statistics-service/internal/worker/worker.go:262.2,263.34 2 0
pinz/backend/statistics-service/internal/worker/worker.go:263.34,268.24 2 0
pinz/backend/statistics-service/internal/worker/worker.go:268.24,270.4 1 0
pinz/backend/statistics-service/internal/worker/worker.go:271.3,271.21 1 0
pinz/backend/statistics-service/internal/worker/worker.go:271.21,273.4 1 0
pinz/backend/statistics-service/internal/worker/worker.go:274.3,274.35 1 0
pinz/backend/statistics-service/internal/worker/worker.go:276.2,280.27 2 0
pinz/backend/statistics-service/internal/worker/worker.go:280.27,281.101 1 0
pinz/backend/statistics-service/internal/worker/worker.go:281.101,283.4 1 0
pinz/backend/statistics-service/internal/worker/worker.go:285.2,285.12 1 0
pinz/backend/statistics-service/internal/worker/worker.go:288.39,289.23 1 0
pinz/backend/statistics-service/internal/worker/worker.go:290.15,291.17 1 0
pinz/backend/statistics-service/internal/worker/worker.go:292.15,293.26 1 0
pinz/backend/statistics-service/internal/worker/worker.go:294.11,295.26 1 0
pinz/backend/statistics-service/internal/worker/worker.go:296.13,297.26 1 0
pinz/backend/statistics-service/internal/worker/worker.go:298.13,299.26 1 0
pinz/backend/statistics-service/internal/worker/worker.go:300.19,302.17 2 0
pinz/backend/statistics-service/internal/worker/worker.go:302.17,304.4 1 0
pinz/backend/statistics-service/internal/worker/worker.go:305.3,305.17 1 0
pinz/backend/statistics-service/internal/worker/worker.go:307.2,307.17 1 0
pinz/backend/statistics-service/internal/worker/worker.go:310.37,312.20 2 0
pinz/backend/statistics-service/internal/worker/worker.go:312.20,314.3 1 0
pinz/backend/statistics-service/internal/worker/worker.go:315.2,316.56 2 0
pinz/backend/statistics-service/internal/worker/worker.go:316.56,318.3 1 0
pinz/backend/statistics-service/internal/worker/worker.go:319.2,319.12 1 0
pinz/backend/statistics-service/internal/worker/worker.go:322.43,324.20 2 0
pinz/backend/statistics-service/internal/worker/worker.go:324.20,326.3 1 0
pinz/backend/statistics-service/internal/worker/worker.go:327.2,329.12 3 0
pinz/backend/statistics-service/internal/repositories/event_log_repository.go:12.60,14.2 1 0
pinz/backend/statistics-service/internal/repositories/event_log_repository.go:16.93,20.2 3 0
pinz/backend/statistics-service/internal/repositories/event_log_repository.go:24.98,29.2 2 0
pinz/backend/statistics-service/internal/repositories/geo_event_publisher.go:25.68,27.2 1 0
pinz/backend/statistics-service/internal/repositories/geo_event_publisher.go:29.122,30.33 1 0
pinz/backend/statistics-service/internal/repositories/geo_event_publisher.go:30.33,32.3 1 0
pinz/backend/statistics-service/internal/repositories/geo_event_publisher.go:33.2,34.18 2 0
pinz/backend/statistics-service/internal/repositories/geo_event_publisher.go:34.18,36.3 1 0
pinz/backend/statistics-service/internal/repositories/geo_event_publisher.go:37.2,37.22 1 0
pinz/backend/statistics-service/internal/repositories/geo_event_publisher.go:37.22,38.50 1 0
pinz/backend/statistics-service/internal/repositories/geo_event_publisher.go:38.50,40.4 1 0
pinz/backend/statistics-service/internal/repositories/geo_event_publisher.go:42.2,42.104 1 0
pinz/backend/statistics-service/internal/repositories/geo_event_publisher.go:42.104,45.3 2 0
pinz/backend/statistics-service/internal/repositories/geo_event_publisher.go:46.2,46.12 1 0
pinz/backend/statistics-service/internal/repositories/geo_registry_repository.go:12.40,14.2 1 0
pinz/backend/statistics-service/internal/repositories/geo_registry_repository.go:22.66,24.2 1 0
pinz/backend/statistics-service/internal/repositories/geo_registry_repository.go:26.92,27.31 1 0
pinz/backend/statistics-service/internal/repositories/geo_registry_repository.go:27.31,29.3 1 0
pinz/backend/statistics-service/internal/repositories/geo_registry_repository.go:30.2,31.25 2 0
pinz/backend/statistics-service/internal/repositories/geo_registry_repository.go:31.25,33.3 1 0
pinz/backend/statistics-service/internal/repositories/geo_registry_repository.go:34.2,42.12 2 0
pinz/backend/statistics-service/internal/repositories/geo_registry_repository.go:50.147,53.41 3 0
pinz/backend/statistics-service/internal/repositories/geo_registry_repository.go:53.41,55.3 1 0
pinz/backend/statistics-service/internal/repositories/geo_registry_repository.go:57.2,58.23 2 0
pinz/backend/statistics-service/internal/repositories/geo_registry_repository.go:58.23,60.17 2 0
pinz/backend/statistics-service/internal/repositories/geo_registry_repository.go:60.17,62.4 1 0
pinz/backend/statistics-service/internal/repositories/geo_registry_repository.go:63.3,63.16 1 0
pinz/backend/statistics-service/internal/repositories/geo_registry_repository.go:66.2,67.20 2 0
pinz/backend/statistics-service/internal/repositories/geo_registry_repository.go:67.20,69.21 2 0
pinz/backend/statistics-service/internal/repositories/geo_registry_repository.go:69.21,71.4 1 0
pinz/backend/statistics-service/internal/repositories/geo_registry_repository.go:72.3,73.17 2 0
pinz/backend/statistics-service/internal/repositories/geo_registry_repository.go:73.17,75.4 1 0
pinz/backend/statistics-service/internal/repositories/geo_registry_repository.go:76.3,76.13 1 0
pinz/backend/statistics-service/internal/repositories/geo_registry_repository.go:78.2,78.27 1 0
pinz/backend/statistics-service/internal/repositories/geo_registry_repository.go:85.132,91.21 2 0
pinz/backend/statistics-service/internal/repositories/geo_registry_repository.go:91.21,104.17 2 0
pinz/backend/statistics-service/internal/repositories/geo_registry_repository.go:104.17,106.4 1 0
pinz/backend/statistics-service/internal/repositories/geo_registry_repository.go:107.8,120.17 2 0
pinz/backend/statistics-service/internal/repositories/geo_registry_repository.go:120.17,122.4 1 0
pinz/backend/statistics-service/internal/repositories/geo_registry_repository.go:124.2,124.18 1 0
pinz/backend/statistics-service/internal/repositories/geo_registry_repository.go:124.18,127.3 2 0
pinz/backend/statistics-service/internal/repositories/geo_registry_repository.go:128.2,128.18 1 0
pinz/backend/statistics-service/internal/repositories/geo_registry_repository.go:131.101,136.73 4 0
pinz/backend/statistics-service/internal/repositories/geo_registry_repository.go:136.73,138.3 1 0
pinz/backend/statistics-service/internal/repositories/geo_registry_repository.go:139.2,139.18 1 0
pinz/backend/statistics-service/internal/repositories/geo_registry_repository.go:139.18,142.3 2 0
pinz/backend/statistics-service/internal/repositories/geo_registry_repository.go:143.2,143.18 1 0
pinz/backend/statistics-service/internal/repositories/redis_client.go:16.47,18.16 2 0
pinz/backend/statistics-service/internal/repositories/redis_client.go:18.16,19.43 1 0
pinz/backend/statistics-service/internal/repositories/redis_client.go:19.43,21.18 2 0
pinz/backend/statistics-service/internal/repositories/redis_client.go:21.18,23.5 1 0
pinz/backend/statistics-service/internal/repositories/redis_client.go:24.4,25.66 2 0
pinz/backend/statistics-service/internal/repositories/redis_client.go:25.66,27.5 1 0
pinz/backend/statistics-service/internal/repositories/redis_client.go:28.4,29.22 2 0
pinz/backend/statistics-service/internal/repositories/redis_client.go:31.3,31.18 1 0
pinz/backend/statistics-service/internal/repositories/redis_client.go:33.2,34.64 2 0
pinz/backend/statistics-service/internal/repositories/redis_client.go:34.64,36.3 1 0
pinz/backend/statistics-service/internal/repositories/redis_client.go:37.2,38.20 2 0
pinz/backend/statistics-service/internal/repositories/redis_client.go:41.44,42.60 1 0
pinz/backend/statistics-service/internal/repositories/redis_client.go:42.60,44.3 1 0
pinz/backend/statistics-service/internal/repositories/redis_client.go:45.2,45.60 1 0
pinz/backend/statistics-service/internal/repositories/redis_client.go:45.60,47.3 1 0
pinz/backend/statistics-service/internal/repositories/stream_queryer.go:17.80,18.21 1 0
pinz/backend/statistics-service/internal/repositories/stream_queryer.go:18.21,20.3 1 0
pinz/backend/statistics-service/internal/repositories/stream_queryer.go:21.2,21.44 1 0
pinz/backend/statistics-service/internal/repositories/stream_queryer.go:24.108,25.21 1 0
pinz/backend/statistics-service/internal/repositories/stream_queryer.go:25.21,27.3 1 0
pinz/backend/statistics-service/internal/repositories/stream_queryer.go:28.2,29.16 2 0
pinz/backend/statistics-service/internal/repositories/stream_queryer.go:29.16,30.47 1 0
pinz/backend/statistics-service/internal/repositories/stream_queryer.go:30.47,32.4 1 0
pinz/backend/statistics-service/internal/repositories/stream_queryer.go:33.3,33.39 1 0
pinz/backend/statistics-service/internal/repositories/stream_queryer.go:35.2,35.14 1 0
pinz/backend/statistics-service/internal/repositories/stream_queryer.go:35.14,37.3 1 0
pinz/backend/statistics-service/internal/repositories/stream_queryer.go:38.2,39.18 2 0
pinz/backend/statistics-service/internal/repositories/stream_queryer.go:39.18,41.3 1 0
pinz/backend/statistics-service/internal/repositories/stream_queryer.go:42.2,45.32 2 0
pinz/backend/statistics-service/internal/repositories/stream_queryer.go:45.32,47.3 1 0
pinz/backend/statistics-service/internal/repositories/stream_queryer.go:48.2,48.17 1 0
pinz/backend/statistics-service/internal/repositories/trip_locations_repository.go:20.70,22.2 1 0
pinz/backend/statistics-service/internal/repositories/trip_locations_repository.go:25.102,31.2 2 0
pinz/backend/statistics-service/internal/repositories/trip_locations_repository.go:34.92,37.2 2 0
pinz/backend/statistics-service/internal/repositories/trip_locations_repository.go:41.154,42.23 1 0
pinz/backend/statistics-service/internal/repositories/trip_locations_repository.go:42.23,44.3 1 0
pinz/backend/statistics-service/internal/repositories/trip_locations_repository.go:45.2,53.22 3 0
pinz/backend/statistics-service/internal/repositories/trip_locations_repository.go:53.22,56.3 2 0
pinz/backend/statistics-service/internal/repositories/trip_locations_repository.go:57.2,62.16 3 0
pinz/backend/statistics-service/internal/repositories/trip_locations_repository.go:62.16,64.3 1 0
pinz/backend/statistics-service/internal/repositories/trip_locations_repository.go:65.2,67.18 3 0
pinz/backend/statistics-service/internal/repositories/trip_locations_repository.go:67.18,69.112 2 0
pinz/backend/statistics-service/internal/repositories/trip_locations_repository.go:69.112,71.4 1 0
pinz/backend/statistics-service/internal/repositories/trip_locations_repository.go:72.3,72.24 1 0
pinz/backend/statistics-service/internal/repositories/trip_locations_repository.go:74.2,74.24 1 0
pinz/backend/statistics-service/internal/repositories/user_stats_repository.go:15.62,17.2 1 0
pinz/backend/statistics-service/internal/repositories/user_stats_repository.go:19.106,24.111 3 0
pinz/backend/statistics-service/internal/repositories/user_stats_repository.go:24.111,25.36 1 0
pinz/backend/statistics-service/internal/repositories/user_stats_repository.go:25.36,27.4 1 0
pinz/backend/statistics-service/internal/repositories/user_stats_repository.go:28.3,28.18 1 0
pinz/backend/statistics-service/internal/repositories/user_stats_repository.go:30.2,30.16 1 0
pinz/backend/statistics-service/internal/repositories/user_stats_repository.go:33.104,41.2 2 0
pinz/backend/statistics-service/internal/repositories/user_stats_repository.go:43.101,45.2 1 0
pinz/backend/statistics-service/internal/repositories/user_stats_repository.go:47.104,49.2 1 0
pinz/backend/statistics-service/internal/repositories/user_stats_repository.go:51.103,53.2 1 0
pinz/backend/statistics-service/internal/metrics/metrics.go:18.13,35.2 5 0
pinz/backend/statistics-service/internal/metrics/metrics.go:37.52,38.22 1 0
pinz/backend/statistics-service/internal/metrics/metrics.go:38.22,40.3 1 0
pinz/backend/statistics-service/internal/metrics/metrics.go:41.2,41.82 1 0
pinz/backend/statistics-service/internal/metrics/metrics.go:44.84,45.30 1 0
pinz/backend/statistics-service/internal/metrics/metrics.go:45.30,47.3 1 0
pinz/backend/statistics-service/internal/metrics/metrics.go:48.2,48.99 1 0
pinz/backend/statistics-service/internal/metrics/metrics.go:51.83,52.27 1 0
pinz/backend/statistics-service/internal/metrics/metrics.go:52.27,54.3 1 0
pinz/backend/statistics-service/internal/metrics/metrics.go:55.2,60.4 1 0
pinz/backend/statistics-service/internal/metrics/metrics.go:63.95,64.34 1 0
pinz/backend/statistics-service/internal/metrics/metrics.go:64.34,66.3 1 0
pinz/backend/statistics-service/internal/metrics/metrics.go:67.2,70.4 1 0
pinz/backend/statistics-service/internal/repositories/event_log_repository.go:12.60,14.2 1 0
pinz/backend/statistics-service/internal/repositories/event_log_repository.go:16.93,20.2 3 0
pinz/backend/statistics-service/internal/repositories/event_log_repository.go:24.98,29.2 2 0
pinz/backend/statistics-service/internal/repositories/geo_event_publisher.go:25.68,27.2 1 0
pinz/backend/statistics-service/internal/repositories/geo_event_publisher.go:29.122,30.33 1 0
pinz/backend/statistics-service/internal/repositories/geo_event_publisher.go:30.33,32.3 1 0
pinz/backend/statistics-service/internal/repositories/geo_event_publisher.go:33.2,34.18 2 0
pinz/backend/statistics-service/internal/repositories/geo_event_publisher.go:34.18,36.3 1 0
pinz/backend/statistics-service/internal/repositories/geo_event_publisher.go:37.2,37.22 1 0
pinz/backend/statistics-service/internal/repositories/geo_event_publisher.go:37.22,38.50 1 0
pinz/backend/statistics-service/internal/repositories/geo_event_publisher.go:38.50,40.4 1 0
pinz/backend/statistics-service/internal/repositories/geo_event_publisher.go:42.2,42.104 1 0
pinz/backend/statistics-service/internal/repositories/geo_event_publisher.go:42.104,45.3 2 0
pinz/backend/statistics-service/internal/repositories/geo_event_publisher.go:46.2,46.12 1 0
pinz/backend/statistics-service/internal/repositories/geo_registry_repository.go:12.40,14.2 1 0
pinz/backend/statistics-service/internal/repositories/geo_registry_repository.go:22.66,24.2 1 0
pinz/backend/statistics-service/internal/repositories/geo_registry_repository.go:26.92,27.31 1 0
pinz/backend/statistics-service/internal/repositories/geo_registry_repository.go:27.31,29.3 1 0
pinz/backend/statistics-service/internal/repositories/geo_registry_repository.go:30.2,31.25 2 0
pinz/backend/statistics-service/internal/repositories/geo_registry_repository.go:31.25,33.3 1 0
pinz/backend/statistics-service/internal/repositories/geo_registry_repository.go:34.2,42.12 2 0
pinz/backend/statistics-service/internal/repositories/geo_registry_repository.go:50.147,53.41 3 0
pinz/backend/statistics-service/internal/repositories/geo_registry_repository.go:53.41,55.3 1 0
pinz/backend/statistics-service/internal/repositories/geo_registry_repository.go:57.2,58.23 2 0
pinz/backend/statistics-service/internal/repositories/geo_registry_repository.go:58.23,60.17 2 0
pinz/backend/statistics-service/internal/repositories/geo_registry_repository.go:60.17,62.4 1 0
pinz/backend/statistics-service/internal/repositories/geo_registry_repository.go:63.3,63.16 1 0
pinz/backend/statistics-service/internal/repositories/geo_registry_repository.go:66.2,67.20 2 0
pinz/backend/statistics-service/internal/repositories/geo_registry_repository.go:67.20,69.21 2 0
pinz/backend/statistics-service/internal/repositories/geo_registry_repository.go:69.21,71.4 1 0
pinz/backend/statistics-service/internal/repositories/geo_registry_repository.go:72.3,73.17 2 0
pinz/backend/statistics-service/internal/repositories/geo_registry_repository.go:73.17,75.4 1 0
pinz/backend/statistics-service/internal/repositories/geo_registry_repository.go:76.3,76.13 1 0
pinz/backend/statistics-service/internal/repositories/geo_registry_repository.go:78.2,78.27 1 0
pinz/backend/statistics-service/internal/repositories/geo_registry_repository.go:85.132,91.21 2 0
pinz/backend/statistics-service/internal/repositories/geo_registry_repository.go:91.21,104.17 2 0
pinz/backend/statistics-service/internal/repositories/geo_registry_repository.go:104.17,106.4 1 0
pinz/backend/statistics-service/internal/repositories/geo_registry_repository.go:107.8,120.17 2 0
pinz/backend/statistics-service/internal/repositories/geo_registry_repository.go:120.17,122.4 1 0
pinz/backend/statistics-service/internal/repositories/geo_registry_repository.go:124.2,124.18 1 0
pinz/backend/statistics-service/internal/repositories/geo_registry_repository.go:124.18,127.3 2 0
pinz/backend/statistics-service/internal/repositories/geo_registry_repository.go:128.2,128.18 1 0
pinz/backend/statistics-service/internal/repositories/geo_registry_repository.go:131.101,136.73 4 0
pinz/backend/statistics-service/internal/repositories/geo_registry_repository.go:136.73,138.3 1 0
pinz/backend/statistics-service/internal/repositories/geo_registry_repository.go:139.2,139.18 1 0
pinz/backend/statistics-service/internal/repositories/geo_registry_repository.go:139.18,142.3 2 0
pinz/backend/statistics-service/internal/repositories/geo_registry_repository.go:143.2,143.18 1 0
pinz/backend/statistics-service/internal/repositories/redis_client.go:16.47,18.16 2 0
pinz/backend/statistics-service/internal/repositories/redis_client.go:18.16,19.43 1 0
pinz/backend/statistics-service/internal/repositories/redis_client.go:19.43,21.18 2 0
pinz/backend/statistics-service/internal/repositories/redis_client.go:21.18,23.5 1 0
pinz/backend/statistics-service/internal/repositories/redis_client.go:24.4,25.66 2 0
pinz/backend/statistics-service/internal/repositories/redis_client.go:25.66,27.5 1 0
pinz/backend/statistics-service/internal/repositories/redis_client.go:28.4,29.22 2 0
pinz/backend/statistics-service/internal/repositories/redis_client.go:31.3,31.18 1 0
pinz/backend/statistics-service/internal/repositories/redis_client.go:33.2,34.64 2 0
pinz/backend/statistics-service/internal/repositories/redis_client.go:34.64,36.3 1 0
pinz/backend/statistics-service/internal/repositories/redis_client.go:37.2,38.20 2 0
pinz/backend/statistics-service/internal/repositories/redis_client.go:41.44,42.60 1 0
pinz/backend/statistics-service/internal/repositories/redis_client.go:42.60,44.3 1 0
pinz/backend/statistics-service/internal/repositories/redis_client.go:45.2,45.60 1 0
pinz/backend/statistics-service/internal/repositories/redis_client.go:45.60,47.3 1 0
pinz/backend/statistics-service/internal/repositories/stream_queryer.go:17.80,18.21 1 0
pinz/backend/statistics-service/internal/repositories/stream_queryer.go:18.21,20.3 1 0
pinz/backend/statistics-service/internal/repositories/stream_queryer.go:21.2,21.44 1 0
pinz/backend/statistics-service/internal/repositories/stream_queryer.go:24.108,25.21 1 0
pinz/backend/statistics-service/internal/repositories/stream_queryer.go:25.21,27.3 1 0
pinz/backend/statistics-service/internal/repositories/stream_queryer.go:28.2,29.16 2 0
pinz/backend/statistics-service/internal/repositories/stream_queryer.go:29.16,30.47 1 0
pinz/backend/statistics-service/internal/repositories/stream_queryer.go:30.47,32.4 1 0
pinz/backend/statistics-service/internal/repositories/stream_queryer.go:33.3,33.39 1 0
pinz/backend/statistics-service/internal/repositories/stream_queryer.go:35.2,35.14 1 0
pinz/backend/statistics-service/internal/repositories/stream_queryer.go:35.14,37.3 1 0
pinz/backend/statistics-service/internal/repositories/stream_queryer.go:38.2,39.18 2 0
pinz/backend/statistics-service/internal/repositories/stream_queryer.go:39.18,41.3 1 0
pinz/backend/statistics-service/internal/repositories/stream_queryer.go:42.2,45.32 2 0
pinz/backend/statistics-service/internal/repositories/stream_queryer.go:45.32,47.3 1 0
pinz/backend/statistics-service/internal/repositories/stream_queryer.go:48.2,48.17 1 0
pinz/backend/statistics-service/internal/repositories/trip_locations_repository.go:20.70,22.2 1 0
pinz/backend/statistics-service/internal/repositories/trip_locations_repository.go:25.102,31.2 2 0
pinz/backend/statistics-service/internal/repositories/trip_locations_repository.go:34.92,37.2 2 0
pinz/backend/statistics-service/internal/repositories/trip_locations_repository.go:41.154,42.23 1 0
pinz/backend/statistics-service/internal/repositories/trip_locations_repository.go:42.23,44.3 1 0
pinz/backend/statistics-service/internal/repositories/trip_locations_repository.go:45.2,53.22 3 0
pinz/backend/statistics-service/internal/repositories/trip_locations_repository.go:53.22,56.3 2 0
pinz/backend/statistics-service/internal/repositories/trip_locations_repository.go:57.2,62.16 3 0
pinz/backend/statistics-service/internal/repositories/trip_locations_repository.go:62.16,64.3 1 0
pinz/backend/statistics-service/internal/repositories/trip_locations_repository.go:65.2,67.18 3 0
pinz/backend/statistics-service/internal/repositories/trip_locations_repository.go:67.18,69.112 2 0
pinz/backend/statistics-service/internal/repositories/trip_locations_repository.go:69.112,71.4 1 0
pinz/backend/statistics-service/internal/repositories/trip_locations_repository.go:72.3,72.24 1 0
pinz/backend/statistics-service/internal/repositories/trip_locations_repository.go:74.2,74.24 1 0
pinz/backend/statistics-service/internal/repositories/user_stats_repository.go:15.62,17.2 1 0
pinz/backend/statistics-service/internal/repositories/user_stats_repository.go:19.106,24.111 3 0
pinz/backend/statistics-service/internal/repositories/user_stats_repository.go:24.111,25.36 1 0
pinz/backend/statistics-service/internal/repositories/user_stats_repository.go:25.36,27.4 1 0
pinz/backend/statistics-service/internal/repositories/user_stats_repository.go:28.3,28.18 1 0
pinz/backend/statistics-service/internal/repositories/user_stats_repository.go:30.2,30.16 1 0
pinz/backend/statistics-service/internal/repositories/user_stats_repository.go:33.104,41.2 2 0
pinz/backend/statistics-service/internal/repositories/user_stats_repository.go:43.101,45.2 1 0
pinz/backend/statistics-service/internal/repositories/user_stats_repository.go:47.104,49.2 1 0
pinz/backend/statistics-service/internal/repositories/user_stats_repository.go:51.103,53.2 1 0
pinz/backend/statistics-service/internal/services/geocoding.go:38.51,41.19 3 0
pinz/backend/statistics-service/internal/services/geocoding.go:41.19,46.3 1 0
pinz/backend/statistics-service/internal/services/geocoding.go:47.2,66.3 3 0
pinz/backend/statistics-service/internal/services/geocoding.go:71.137,72.37 1 0
pinz/backend/statistics-service/internal/services/geocoding.go:72.37,74.3 1 0
pinz/backend/statistics-service/internal/services/geocoding.go:76.2,77.15 2 0
pinz/backend/statistics-service/internal/services/geocoding.go:77.15,79.3 1 0
pinz/backend/statistics-service/internal/services/geocoding.go:81.2,82.16 2 0
pinz/backend/statistics-service/internal/services/geocoding.go:82.16,85.3 2 0
pinz/backend/statistics-service/internal/services/geocoding.go:87.2,91.20 5 0
pinz/backend/statistics-service/internal/services/geocoding.go:91.20,93.3 1 0
pinz/backend/statistics-service/internal/services/geocoding.go:94.2,97.16 3 0
pinz/backend/statistics-service/internal/services/geocoding.go:97.16,100.3 2 0
pinz/backend/statistics-service/internal/services/geocoding.go:101.2,103.38 2 0
pinz/backend/statistics-service/internal/services/geocoding.go:103.38,106.3 2 0
pinz/backend/statistics-service/internal/services/geocoding.go:108.2,109.65 2 0
pinz/backend/statistics-service/internal/services/geocoding.go:109.65,112.3 2 0
pinz/backend/statistics-service/internal/services/geocoding.go:114.2,116.16 3 0
pinz/backend/statistics-service/internal/services/geocoding.go:116.16,118.3 1 0
pinz/backend/statistics-service/internal/services/geocoding.go:119.2,119.16 1 0
pinz/backend/statistics-service/internal/services/geocoding.go:119.16,121.3 1 0
pinz/backend/statistics-service/internal/services/geocoding.go:123.2,124.9 2 0
pinz/backend/statistics-service/internal/services/geocoding.go:125.35,126.31 1 0
pinz/backend/statistics-service/internal/services/geocoding.go:127.18,128.14 1 0
pinz/backend/statistics-service/internal/services/geocoding.go:129.10,130.17 1 0
pinz/backend/statistics-service/internal/services/geocoding.go:133.2,133.16 1 0
pinz/backend/statistics-service/internal/services/geocoding.go:133.16,135.3 1 0
pinz/backend/statistics-service/internal/services/geocoding.go:135.8,137.3 1 0
pinz/backend/statistics-service/internal/services/geocoding.go:138.2,138.33 1 0
pinz/backend/statistics-service/internal/services/geocoding.go:141.50,142.16 1 0
pinz/backend/statistics-service/internal/services/geocoding.go:142.16,144.3 1 0
pinz/backend/statistics-service/internal/services/geocoding.go:145.2,145.16 1 0
pinz/backend/statistics-service/internal/services/geocoding.go:145.16,147.3 1 0
pinz/backend/statistics-service/internal/services/geocoding.go:148.2,148.19 1 0
pinz/backend/statistics-service/internal/services/statistics_service.go:23.22,25.2 1 0
pinz/backend/statistics-service/internal/services/statistics_service.go:29.126,31.18 2 0
pinz/backend/statistics-service/internal/services/statistics_service.go:31.18,33.3 1 0
pinz/backend/statistics-service/internal/services/statistics_service.go:34.2,35.16 2 0
pinz/backend/statistics-service/internal/services/statistics_service.go:35.16,37.3 1 0
pinz/backend/statistics-service/internal/services/statistics_service.go:38.2,43.9 1 0
pinz/backend/statistics-service/internal/services/statistics_service.go:48.147,50.18 2 0
pinz/backend/statistics-service/internal/services/statistics_service.go:50.18,52.3 1 0
pinz/backend/statistics-service/internal/services/statistics_service.go:53.2,54.73 2 0
pinz/backend/statistics-service/internal/services/statistics_service.go:54.73,56.3 1 0
pinz/backend/statistics-service/internal/services/statistics_service.go:57.2,58.16 2 0
pinz/backend/statistics-service/internal/services/statistics_service.go:58.16,60.3 1 0
pinz/backend/statistics-service/internal/services/statistics_service.go:61.2,62.25 2 0
pinz/backend/statistics-service/internal/services/statistics_service.go:62.25,71.3 1 0
pinz/backend/statistics-service/internal/services/statistics_service.go:72.2,72.61 1 0
pinz/backend/statistics-service/internal/worker/worker.go:47.45,48.20 1 0
pinz/backend/statistics-service/internal/worker/worker.go:48.20,52.3 3 0
pinz/backend/statistics-service/internal/worker/worker.go:53.2,53.50 1 0
pinz/backend/statistics-service/internal/worker/worker.go:53.50,55.3 1 0
pinz/backend/statistics-service/internal/worker/worker.go:56.2,58.6 2 0
pinz/backend/statistics-service/internal/worker/worker.go:58.6,59.10 1 0
pinz/backend/statistics-service/internal/worker/worker.go:60.21,62.14 2 0
pinz/backend/statistics-service/internal/worker/worker.go:63.11,63.11 0 0
pinz/backend/statistics-service/internal/worker/worker.go:66.3,73.37 2 0
pinz/backend/statistics-service/internal/worker/worker.go:73.37,74.24 1 0
pinz/backend/statistics-service/internal/worker/worker.go:74.24,76.5 1 0
pinz/backend/statistics-service/internal/worker/worker.go:77.4,79.12 3 0
pinz/backend/statistics-service/internal/worker/worker.go:82.3,82.34 1 0
pinz/backend/statistics-service/internal/worker/worker.go:82.34,83.40 1 0
pinz/backend/statistics-service/internal/worker/worker.go:83.40,86.54 3 0
pinz/backend/statistics-service/internal/worker/worker.go:86.54,90.14 3 0
pinz/backend/statistics-service/internal/worker/worker.go:92.5,94.89 3 0
pinz/backend/statistics-service/internal/worker/worker.go:94.89,96.6 1 0
pinz/backend/statistics-service/internal/worker/worker.go:102.67,103.119 1 0
pinz/backend/statistics-service/internal/worker/worker.go:103.119,106.3 2 0
pinz/backend/statistics-service/internal/worker/worker.go:107.2,107.12 1 0
pinz/backend/statistics-service/internal/worker/worker.go:110.37,112.2 1 0
pinz/backend/statistics-service/internal/worker/worker.go:114.75,116.16 2 0
pinz/backend/statistics-service/internal/worker/worker.go:116.16,118.3 1 0
pinz/backend/statistics-service/internal/worker/worker.go:119.2,119.15 1 0
pinz/backend/statistics-service/internal/worker/worker.go:119.15,121.3 1 0
pinz/backend/statistics-service/internal/worker/worker.go:123.2,124.21 2 0
pinz/backend/statistics-service/internal/worker/worker.go:124.21,127.3 2 0
pinz/backend/statistics-service/internal/worker/worker.go:129.2,133.80 4 0
pinz/backend/statistics-service/internal/worker/worker.go:133.80,135.3 1 0
pinz/backend/statistics-service/internal/worker/worker.go:136.2,136.57 1 0
pinz/backend/statistics-service/internal/worker/worker.go:139.120,140.19 1 0
pinz/backend/statistics-service/internal/worker/worker.go:141.32,142.62 1 0
pinz/backend/statistics-service/internal/worker/worker.go:143.24,144.19 1 0
pinz/backend/statistics-service/internal/worker/worker.go:144.19,146.4 1 0
pinz/backend/statistics-service/internal/worker/worker.go:147.3,147.53 1 0
pinz/backend/statistics-service/internal/worker/worker.go:148.22,149.70 1 0
pinz/backend/statistics-service/internal/worker/worker.go:150.24,151.70 1 0
pinz/backend/statistics-service/internal/worker/worker.go:152.25,153.73 1 0
pinz/backend/statistics-service/internal/worker/worker.go:154.27,155.73 1 0
pinz/backend/statistics-service/internal/worker/worker.go:156.27,157.72 1 0
pinz/backend/statistics-service/internal/worker/worker.go:158.10,159.79 1 0
pinz/backend/statistics-service/internal/worker/worker.go:161.2,161.12 1 0
pinz/backend/statistics-service/internal/worker/worker.go:164.127,165.28 1 0
pinz/backend/statistics-service/internal/worker/worker.go:165.28,166.14 1 0
pinz/backend/statistics-service/internal/worker/worker.go:166.14,167.12 1 0
pinz/backend/statistics-service/internal/worker/worker.go:169.3,169.44 1 0
pinz/backend/statistics-service/internal/worker/worker.go:169.44,171.4 1 0
pinz/backend/statistics-service/internal/worker/worker.go:173.2,173.12 1 0
pinz/backend/statistics-service/internal/worker/worker.go:183.108,184.18 1 0
pinz/backend/statistics-service/internal/worker/worker.go:184.18,186.3 1 0
pinz/backend/statistics-service/internal/worker/worker.go:187.2,188.23 2 0
pinz/backend/statistics-service/internal/worker/worker.go:188.23,190.3 1 0
pinz/backend/statistics-service/internal/worker/worker.go:192.2,201.31 4 0
pinz/backend/statistics-service/internal/worker/worker.go:201.31,203.10 2 0
pinz/backend/statistics-service/internal/worker/worker.go:203.10,204.12 1 0
pinz/backend/statistics-service/internal/worker/worker.go:206.3,209.38 4 0
pinz/backend/statistics-service/internal/worker/worker.go:209.38,210.12 1 0
pinz/backend/statistics-service/internal/worker/worker.go:213.3,214.17 2 0
pinz/backend/statistics-service/internal/worker/worker.go:214.17,216.12 2 0
pinz/backend/statistics-service/internal/worker/worker.go:218.3,218.17 1 0
pinz/backend/statistics-service/internal/worker/worker.go:218.17,219.12 1 0
pinz/backend/statistics-service/internal/worker/worker.go:221.3,226.17 5 0
pinz/backend/statistics-service/internal/worker/worker.go:226.17,228.12 2 0
pinz/backend/statistics-service/internal/worker/worker.go:231.3,232.24 2 0
pinz/backend/statistics-service/internal/worker/worker.go:232.24,235.77 3 0
pinz/backend/statistics-service/internal/worker/worker.go:235.77,237.5 1 0
pinz/backend/statistics-service/internal/worker/worker.go:239.3,239.21 1 0
pinz/backend/statistics-service/internal/worker/worker.go:239.21,242.74 3 0
pinz/backend/statistics-service/internal/worker/worker.go:242.74,244.5 1 0
pinz/backend/statistics-service/internal/worker/worker.go:246.3,246.42 1 0
pinz/backend/statistics-service/internal/worker/worker.go:249.2,249.28 1 0
pinz/backend/statistics-service/internal/worker/worker.go:249.28,251.3 1 0
pinz/backend/statistics-service/internal/worker/worker.go:254.2,255.30 2 0
pinz/backend/statistics-service/internal/worker/worker.go:255.30,257.26 2 0
pinz/backend/statistics-service/internal/worker/worker.go:257.26,259.4 1 0
pinz/backend/statistics-service/internal/worker/worker.go:260.3,260.41 1 0
pinz/backend/statistics-service/internal/worker/worker.go:262.2,263.34 2 0
pinz/backend/statistics-service/internal/worker/worker.go:263.34,268.24 2 0
pinz/backend/statistics-service/internal/worker/worker.go:268.24,270.4 1 0
pinz/backend/statistics-service/internal/worker/worker.go:271.3,271.21 1 0
pinz/backend/statistics-service/internal/worker/worker.go:271.21,273.4 1 0
pinz/backend/statistics-service/internal/worker/worker.go:274.3,274.35 1 0
pinz/backend/statistics-service/internal/worker/worker.go:276.2,280.27 2 0
pinz/backend/statistics-service/internal/worker/worker.go:280.27,281.101 1 0
pinz/backend/statistics-service/internal/worker/worker.go:281.101,283.4 1 0
pinz/backend/statistics-service/internal/worker/worker.go:285.2,285.12 1 0
pinz/backend/statistics-service/internal/worker/worker.go:288.39,289.23 1 1
pinz/backend/statistics-service/internal/worker/worker.go:290.15,291.17 1 1
pinz/backend/statistics-service/internal/worker/worker.go:292.15,293.26 1 1
pinz/backend/statistics-service/internal/worker/worker.go:294.11,295.26 1 1
pinz/backend/statistics-service/internal/worker/worker.go:296.13,297.26 1 1
pinz/backend/statistics-service/internal/worker/worker.go:298.13,299.26 1 1
pinz/backend/statistics-service/internal/worker/worker.go:300.19,302.17 2 0
pinz/backend/statistics-service/internal/worker/worker.go:302.17,304.4 1 0
pinz/backend/statistics-service/internal/worker/worker.go:305.3,305.17 1 0
pinz/backend/statistics-service/internal/worker/worker.go:307.2,307.17 1 1
pinz/backend/statistics-service/internal/worker/worker.go:310.37,312.20 2 1
pinz/backend/statistics-service/internal/worker/worker.go:312.20,314.3 1 1
pinz/backend/statistics-service/internal/worker/worker.go:315.2,316.56 2 1
pinz/backend/statistics-service/internal/worker/worker.go:316.56,318.3 1 1
pinz/backend/statistics-service/internal/worker/worker.go:319.2,319.12 1 1
pinz/backend/statistics-service/internal/worker/worker.go:322.43,324.20 2 1
pinz/backend/statistics-service/internal/worker/worker.go:324.20,326.3 1 1
pinz/backend/statistics-service/internal/worker/worker.go:327.2,329.12 3 1
