mode: set
pinz/backend/notification-service/internal/apns/sender.go:37.42,42.67 5 0
pinz/backend/notification-service/internal/apns/sender.go:42.67,45.3 2 0
pinz/backend/notification-service/internal/apns/sender.go:46.2,47.16 2 0
pinz/backend/notification-service/internal/apns/sender.go:47.16,49.3 1 0
pinz/backend/notification-service/internal/apns/sender.go:50.2,51.16 2 0
pinz/backend/notification-service/internal/apns/sender.go:51.16,53.3 1 0
pinz/backend/notification-service/internal/apns/sender.go:54.2,56.44 3 0
pinz/backend/notification-service/internal/apns/sender.go:56.44,58.3 1 0
pinz/backend/notification-service/internal/apns/sender.go:58.8,60.3 1 0
pinz/backend/notification-service/internal/apns/sender.go:61.2,61.51 1 0
pinz/backend/notification-service/internal/apns/sender.go:64.95,65.30 1 0
pinz/backend/notification-service/internal/apns/sender.go:65.30,67.3 1 0
pinz/backend/notification-service/internal/apns/sender.go:68.2,69.28 2 0
pinz/backend/notification-service/internal/apns/sender.go:69.28,71.3 1 0
pinz/backend/notification-service/internal/apns/sender.go:72.2,78.20 3 0
pinz/backend/notification-service/internal/apns/sender.go:78.20,80.3 1 0
pinz/backend/notification-service/internal/apns/sender.go:81.2,84.16 4 0
pinz/backend/notification-service/internal/apns/sender.go:84.16,88.3 3 0
pinz/backend/notification-service/internal/apns/sender.go:89.2,89.17 1 0
pinz/backend/notification-service/internal/apns/sender.go:89.17,91.19 2 0
pinz/backend/notification-service/internal/apns/sender.go:91.19,93.4 1 0
pinz/backend/notification-service/internal/apns/sender.go:94.3,96.86 3 0
pinz/backend/notification-service/internal/apns/sender.go:98.2,100.12 3 0
pinz/backend/notification-service/internal/email/sender.go:18.33,20.16 2 0
pinz/backend/notification-service/internal/email/sender.go:20.16,22.3 1 0
pinz/backend/notification-service/internal/email/sender.go:23.2,24.16 2 0
pinz/backend/notification-service/internal/email/sender.go:24.16,26.3 1 0
pinz/backend/notification-service/internal/email/sender.go:27.2,33.3 1 0
pinz/backend/notification-service/internal/email/sender.go:36.69,38.2 1 0
pinz/backend/notification-service/internal/email/sender.go:40.62,41.14 1 0
pinz/backend/notification-service/internal/email/sender.go:41.14,43.3 1 0
pinz/backend/notification-service/internal/email/sender.go:44.2,49.69 4 0
pinz/backend/notification-service/internal/metrics/metrics.go:19.13,39.2 6 0
pinz/backend/notification-service/internal/metrics/metrics.go:41.62,42.23 1 0
pinz/backend/notification-service/internal/metrics/metrics.go:42.23,44.3 1 0
pinz/backend/notification-service/internal/metrics/metrics.go:45.2,48.4 1 0
pinz/backend/notification-service/internal/metrics/metrics.go:51.79,52.25 1 0
pinz/backend/notification-service/internal/metrics/metrics.go:52.25,54.3 1 0
pinz/backend/notification-service/internal/metrics/metrics.go:55.2,55.94 1 0
pinz/backend/notification-service/internal/metrics/metrics.go:58.48,59.19 1 0
pinz/backend/notification-service/internal/metrics/metrics.go:59.19,61.3 1 0
pinz/backend/notification-service/internal/metrics/metrics.go:62.2,62.79 1 0
pinz/backend/notification-service/internal/metrics/metrics.go:65.83,66.27 1 0
pinz/backend/notification-service/internal/metrics/metrics.go:66.27,68.3 1 0
pinz/backend/notification-service/internal/metrics/metrics.go:69.2,74.4 1 0
pinz/backend/notification-service/internal/metrics/metrics.go:77.95,78.34 1 0
pinz/backend/notification-service/internal/metrics/metrics.go:78.34,80.3 1 0
pinz/backend/notification-service/internal/metrics/metrics.go:81.2,84.4 1 0
pinz/backend/notification-service/internal/repositories/device_tokens_repository.go:18.68,20.2 1 0
pinz/backend/notification-service/internal/repositories/device_tokens_repository.go:22.104,24.16 2 0
pinz/backend/notification-service/internal/repositories/device_tokens_repository.go:24.16,26.3 1 0
pinz/backend/notification-service/internal/repositories/device_tokens_repository.go:27.2,28.16 2 0
pinz/backend/notification-service/internal/repositories/device_tokens_repository.go:28.16,30.3 1 0
pinz/backend/notification-service/internal/repositories/device_tokens_repository.go:31.2,31.25 1 0
pinz/backend/notification-service/internal/repositories/device_tokens_repository.go:34.103,36.16 2 0
pinz/backend/notification-service/internal/repositories/device_tokens_repository.go:36.16,38.3 1 0
pinz/backend/notification-service/internal/repositories/device_tokens_repository.go:39.2,39.102 1 0
pinz/backend/notification-service/internal/repositories/device_tokens_repository.go:42.111,44.16 2 0
pinz/backend/notification-service/internal/repositories/device_tokens_repository.go:44.16,46.3 1 0
pinz/backend/notification-service/internal/repositories/device_tokens_repository.go:47.2,48.16 2 0
pinz/backend/notification-service/internal/repositories/device_tokens_repository.go:48.16,50.3 1 0
pinz/backend/notification-service/internal/repositories/device_tokens_repository.go:51.2,52.27 2 0
pinz/backend/notification-service/internal/repositories/device_tokens_repository.go:52.27,59.3 1 0
pinz/backend/notification-service/internal/repositories/device_tokens_repository.go:60.2,60.17 1 0
pinz/backend/notification-service/internal/repositories/device_tokens_repository.go:63.115,65.28 2 0
pinz/backend/notification-service/internal/repositories/device_tokens_repository.go:65.28,67.17 2 0
pinz/backend/notification-service/internal/repositories/device_tokens_repository.go:67.17,68.12 1 0
pinz/backend/notification-service/internal/repositories/device_tokens_repository.go:70.3,70.25 1 0
pinz/backend/notification-service/internal/repositories/device_tokens_repository.go:72.2,72.20 1 0
pinz/backend/notification-service/internal/repositories/device_tokens_repository.go:72.20,74.3 1 0
pinz/backend/notification-service/internal/repositories/device_tokens_repository.go:75.2,76.16 2 0
pinz/backend/notification-service/internal/repositories/device_tokens_repository.go:76.16,78.3 1 0
pinz/backend/notification-service/internal/repositories/device_tokens_repository.go:79.2,80.27 2 0
pinz/backend/notification-service/internal/repositories/device_tokens_repository.go:80.27,87.3 1 0
pinz/backend/notification-service/internal/repositories/device_tokens_repository.go:88.2,88.17 1 0
pinz/backend/notification-service/internal/repositories/device_tokens_repository.go:91.102,93.2 1 0
pinz/backend/notification-service/internal/repositories/notification_log_repository.go:14.74,16.2 1 0
pinz/backend/notification-service/internal/repositories/notification_log_repository.go:20.108,22.16 2 0
pinz/backend/notification-service/internal/repositories/notification_log_repository.go:22.16,24.3 1 0
pinz/backend/notification-service/internal/repositories/notification_log_repository.go:25.2,25.19 1 0
pinz/backend/notification-service/internal/repositories/notification_log_repository.go:28.106,30.16 2 0
pinz/backend/notification-service/internal/repositories/notification_log_repository.go:30.16,32.3 1 0
pinz/backend/notification-service/internal/repositories/notification_log_repository.go:33.2,33.16 1 0
pinz/backend/notification-service/internal/repositories/redis_client.go:16.47,18.16 2 0
pinz/backend/notification-service/internal/repositories/redis_client.go:18.16,19.43 1 0
pinz/backend/notification-service/internal/repositories/redis_client.go:19.43,21.18 2 0
pinz/backend/notification-service/internal/repositories/redis_client.go:21.18,23.5 1 0
pinz/backend/notification-service/internal/repositories/redis_client.go:24.4,25.66 2 0
pinz/backend/notification-service/internal/repositories/redis_client.go:25.66,27.5 1 0
pinz/backend/notification-service/internal/repositories/redis_client.go:28.4,29.22 2 0
pinz/backend/notification-service/internal/repositories/redis_client.go:31.3,31.18 1 0
pinz/backend/notification-service/internal/repositories/redis_client.go:33.2,34.64 2 0
pinz/backend/notification-service/internal/repositories/redis_client.go:34.64,36.3 1 0
pinz/backend/notification-service/internal/repositories/redis_client.go:37.2,38.20 2 0
pinz/backend/notification-service/internal/repositories/redis_client.go:41.44,42.60 1 0
pinz/backend/notification-service/internal/repositories/redis_client.go:42.60,44.3 1 0
pinz/backend/notification-service/internal/repositories/redis_client.go:45.2,45.60 1 0
pinz/backend/notification-service/internal/repositories/redis_client.go:45.60,47.3 1 0
pinz/backend/notification-service/internal/repositories/stream_queryer.go:17.80,18.21 1 0
pinz/backend/notification-service/internal/repositories/stream_queryer.go:18.21,20.3 1 0
pinz/backend/notification-service/internal/repositories/stream_queryer.go:21.2,21.44 1 0
pinz/backend/notification-service/internal/repositories/stream_queryer.go:24.108,25.21 1 0
pinz/backend/notification-service/internal/repositories/stream_queryer.go:25.21,27.3 1 0
pinz/backend/notification-service/internal/repositories/stream_queryer.go:28.2,29.16 2 0
pinz/backend/notification-service/internal/repositories/stream_queryer.go:29.16,30.47 1 0
pinz/backend/notification-service/internal/repositories/stream_queryer.go:30.47,32.4 1 0
pinz/backend/notification-service/internal/repositories/stream_queryer.go:33.3,33.39 1 0
pinz/backend/notification-service/internal/repositories/stream_queryer.go:35.2,35.14 1 0
pinz/backend/notification-service/internal/repositories/stream_queryer.go:35.14,37.3 1 0
pinz/backend/notification-service/internal/repositories/stream_queryer.go:38.2,39.18 2 0
pinz/backend/notification-service/internal/repositories/stream_queryer.go:39.18,41.3 1 0
pinz/backend/notification-service/internal/repositories/stream_queryer.go:42.2,45.32 2 0
pinz/backend/notification-service/internal/repositories/stream_queryer.go:45.32,47.3 1 0
pinz/backend/notification-service/internal/repositories/stream_queryer.go:48.2,48.17 1 0
pinz/backend/notification-service/internal/repositories/trip_client.go:32.43,34.16 2 0
pinz/backend/notification-service/internal/repositories/trip_client.go:34.16,37.3 2 0
pinz/backend/notification-service/internal/repositories/trip_client.go:38.2,42.16 2 0
pinz/backend/notification-service/internal/repositories/trip_client.go:42.16,44.3 1 0
pinz/backend/notification-service/internal/repositories/trip_client.go:45.2,45.73 1 0
pinz/backend/notification-service/internal/repositories/trip_client.go:49.99,51.16 2 0
pinz/backend/notification-service/internal/repositories/trip_client.go:51.16,53.3 1 0
pinz/backend/notification-service/internal/repositories/trip_client.go:54.2,54.31 1 0
pinz/backend/notification-service/internal/repositories/trip_client.go:57.125,58.23 1 0
pinz/backend/notification-service/internal/repositories/trip_client.go:58.23,60.3 1 0
pinz/backend/notification-service/internal/repositories/trip_client.go:61.2,62.16 2 0
pinz/backend/notification-service/internal/repositories/trip_client.go:62.16,64.3 1 0
pinz/backend/notification-service/internal/repositories/trip_client.go:65.2,66.16 2 0
pinz/backend/notification-service/internal/repositories/trip_client.go:66.16,68.3 1 0
pinz/backend/notification-service/internal/repositories/trip_client.go:70.2,70.30 1 0
pinz/backend/notification-service/internal/repositories/trip_client.go:70.30,71.29 1 0
pinz/backend/notification-service/internal/repositories/trip_client.go:71.29,73.4 1 0
pinz/backend/notification-service/internal/repositories/trip_client.go:75.2,75.17 1 0
pinz/backend/notification-service/internal/repositories/trip_client.go:78.113,80.16 2 0
pinz/backend/notification-service/internal/repositories/trip_client.go:80.16,82.3 1 0
pinz/backend/notification-service/internal/repositories/trip_client.go:83.2,83.29 1 0
pinz/backend/notification-service/internal/repositories/trip_client.go:86.115,88.16 2 0
pinz/backend/notification-service/internal/repositories/trip_client.go:88.16,90.3 1 0
pinz/backend/notification-service/internal/repositories/trip_client.go:91.2,91.29 1 0
pinz/backend/notification-service/internal/repositories/trip_client.go:94.36,95.31 1 0
pinz/backend/notification-service/internal/repositories/trip_client.go:95.31,97.3 1 0
pinz/backend/notification-service/internal/repositories/trip_client.go:98.2,98.23 1 0
pinz/backend/notification-service/internal/scheduler/scheduler.go:34.45,35.43 1 0
pinz/backend/notification-service/internal/scheduler/scheduler.go:35.43,39.3 3 0
pinz/backend/notification-service/internal/scheduler/scheduler.go:40.2,45.6 4 0
pinz/backend/notification-service/internal/scheduler/scheduler.go:45.6,46.10 1 0
pinz/backend/notification-service/internal/scheduler/scheduler.go:47.21,49.14 2 0
pinz/backend/notification-service/internal/scheduler/scheduler.go:50.19,51.20 1 0
pinz/backend/notification-service/internal/scheduler/scheduler.go:56.44,58.36 2 0
pinz/backend/notification-service/internal/scheduler/scheduler.go:58.36,61.3 2 0
pinz/backend/notification-service/internal/scheduler/scheduler.go:62.2,63.22 2 0
pinz/backend/notification-service/internal/scheduler/scheduler.go:63.22,64.70 1 0
pinz/backend/notification-service/internal/scheduler/scheduler.go:64.70,65.35 1 0
pinz/backend/notification-service/internal/scheduler/scheduler.go:65.35,67.5 1 0
pinz/backend/notification-service/internal/scheduler/scheduler.go:70.2,70.101 1 0
pinz/backend/notification-service/internal/scheduler/scheduler.go:70.101,72.3 1 0
pinz/backend/notification-service/internal/scheduler/scheduler.go:73.2,73.22 1 0
pinz/backend/notification-service/internal/scheduler/scheduler.go:76.58,81.16 4 0
pinz/backend/notification-service/internal/scheduler/scheduler.go:81.16,83.3 1 0
pinz/backend/notification-service/internal/scheduler/scheduler.go:83.8,84.27 1 0
pinz/backend/notification-service/internal/scheduler/scheduler.go:84.27,87.4 2 0
pinz/backend/notification-service/internal/scheduler/scheduler.go:90.2,91.16 2 0
pinz/backend/notification-service/internal/scheduler/scheduler.go:91.16,93.3 1 0
pinz/backend/notification-service/internal/scheduler/scheduler.go:93.8,94.32 1 0
pinz/backend/notification-service/internal/scheduler/scheduler.go:94.32,97.4 2 0
pinz/backend/notification-service/internal/scheduler/scheduler.go:100.2,100.50 1 0
pinz/backend/notification-service/internal/scheduler/scheduler.go:104.58,106.16 2 0
pinz/backend/notification-service/internal/scheduler/scheduler.go:106.16,108.3 1 0
pinz/backend/notification-service/internal/scheduler/scheduler.go:109.2,109.83 1 0
pinz/backend/notification-service/internal/scheduler/scheduler.go:112.110,113.26 1 0
pinz/backend/notification-service/internal/scheduler/scheduler.go:113.26,115.27 2 0
pinz/backend/notification-service/internal/scheduler/scheduler.go:115.27,116.12 1 0
pinz/backend/notification-service/internal/scheduler/scheduler.go:118.3,119.17 2 0
pinz/backend/notification-service/internal/scheduler/scheduler.go:119.17,123.33 3 0
pinz/backend/notification-service/internal/scheduler/scheduler.go:123.33,125.5 1 0
pinz/backend/notification-service/internal/scheduler/scheduler.go:127.3,128.32 2 0
pinz/backend/notification-service/internal/scheduler/scheduler.go:128.32,129.19 1 0
pinz/backend/notification-service/internal/scheduler/scheduler.go:129.19,131.5 1 0
pinz/backend/notification-service/internal/scheduler/scheduler.go:133.3,133.24 1 0
pinz/backend/notification-service/internal/scheduler/scheduler.go:133.24,134.12 1 0
pinz/backend/notification-service/internal/scheduler/scheduler.go:136.3,137.17 2 0
pinz/backend/notification-service/internal/scheduler/scheduler.go:137.17,140.12 2 0
pinz/backend/notification-service/internal/scheduler/scheduler.go:142.3,142.23 1 0
pinz/backend/notification-service/internal/scheduler/scheduler.go:142.23,143.12 1 0
pinz/backend/notification-service/internal/scheduler/scheduler.go:145.3,151.30 3 0
pinz/backend/notification-service/internal/scheduler/scheduler.go:151.30,152.85 1 0
pinz/backend/notification-service/internal/scheduler/scheduler.go:152.85,153.13 1 0
pinz/backend/notification-service/internal/scheduler/scheduler.go:155.4,155.21 1 0
pinz/backend/notification-service/internal/scheduler/scheduler.go:155.21,156.13 1 0
pinz/backend/notification-service/internal/scheduler/scheduler.go:158.4,158.64 1 0
pinz/backend/notification-service/internal/scheduler/scheduler.go:158.64,161.13 2 0
pinz/backend/notification-service/internal/scheduler/scheduler.go:163.4,163.78 1 0
pinz/backend/notification-service/internal/scheduler/scheduler.go:163.78,165.5 1 0
pinz/backend/notification-service/internal/services/notification_service.go:22.103,24.2 1 1
pinz/backend/notification-service/internal/services/notification_service.go:26.149,29.18 3 1
pinz/backend/notification-service/internal/services/notification_service.go:29.18,31.3 1 1
pinz/backend/notification-service/internal/services/notification_service.go:32.2,32.21 1 1
pinz/backend/notification-service/internal/services/notification_service.go:32.21,34.3 1 1
pinz/backend/notification-service/internal/services/notification_service.go:35.2,36.16 2 1
pinz/backend/notification-service/internal/services/notification_service.go:36.16,37.39 1 1
pinz/backend/notification-service/internal/services/notification_service.go:37.39,39.4 1 0
pinz/backend/notification-service/internal/services/notification_service.go:40.3,40.76 1 1
pinz/backend/notification-service/internal/services/notification_service.go:42.2,42.58 1 1
pinz/backend/notification-service/internal/services/notification_service.go:45.155,48.18 3 1
pinz/backend/notification-service/internal/services/notification_service.go:48.18,50.3 1 1
pinz/backend/notification-service/internal/services/notification_service.go:51.2,51.21 1 1
pinz/backend/notification-service/internal/services/notification_service.go:51.21,53.3 1 0
pinz/backend/notification-service/internal/services/notification_service.go:54.2,55.16 2 1
pinz/backend/notification-service/internal/services/notification_service.go:55.16,57.3 1 0
pinz/backend/notification-service/internal/services/notification_service.go:58.2,58.63 1 1
pinz/backend/notification-service/internal/worker/email_worker.go:29.55,30.20 1 0
pinz/backend/notification-service/internal/worker/email_worker.go:30.20,34.3 3 0
pinz/backend/notification-service/internal/worker/email_worker.go:35.2,35.83 1 0
pinz/backend/notification-service/internal/worker/email_worker.go:35.83,37.3 1 0
pinz/backend/notification-service/internal/worker/email_worker.go:38.2,40.6 2 0
pinz/backend/notification-service/internal/worker/email_worker.go:40.6,41.10 1 0
pinz/backend/notification-service/internal/worker/email_worker.go:42.21,44.14 2 0
pinz/backend/notification-service/internal/worker/email_worker.go:45.11,45.11 0 0
pinz/backend/notification-service/internal/worker/email_worker.go:47.3,54.37 2 0
pinz/backend/notification-service/internal/worker/email_worker.go:54.37,55.24 1 0
pinz/backend/notification-service/internal/worker/email_worker.go:55.24,57.5 1 0
pinz/backend/notification-service/internal/worker/email_worker.go:58.4,60.12 3 0
pinz/backend/notification-service/internal/worker/email_worker.go:62.3,62.34 1 0
pinz/backend/notification-service/internal/worker/email_worker.go:62.34,63.40 1 0
pinz/backend/notification-service/internal/worker/email_worker.go:63.40,69.38 5 0
pinz/backend/notification-service/internal/worker/email_worker.go:69.38,74.14 5 0
pinz/backend/notification-service/internal/worker/email_worker.go:77.5,77.24 1 0
pinz/backend/notification-service/internal/worker/email_worker.go:77.24,82.14 5 0
pinz/backend/notification-service/internal/worker/email_worker.go:85.5,85.74 1 0
pinz/backend/notification-service/internal/worker/email_worker.go:85.74,90.6 3 0
pinz/backend/notification-service/internal/worker/email_worker.go:90.11,95.6 3 0
pinz/backend/notification-service/internal/worker/email_worker.go:96.5,98.67 2 0
pinz/backend/notification-service/internal/worker/trip_events_worker.go:45.65,46.20 1 0
pinz/backend/notification-service/internal/worker/trip_events_worker.go:46.20,50.3 3 0
pinz/backend/notification-service/internal/worker/trip_events_worker.go:51.2,51.93 1 0
pinz/backend/notification-service/internal/worker/trip_events_worker.go:51.93,53.3 1 0
pinz/backend/notification-service/internal/worker/trip_events_worker.go:54.2,56.6 2 0
pinz/backend/notification-service/internal/worker/trip_events_worker.go:56.6,57.10 1 0
pinz/backend/notification-service/internal/worker/trip_events_worker.go:58.21,60.14 2 0
pinz/backend/notification-service/internal/worker/trip_events_worker.go:61.11,61.11 0 0
pinz/backend/notification-service/internal/worker/trip_events_worker.go:63.3,70.37 2 0
pinz/backend/notification-service/internal/worker/trip_events_worker.go:70.37,71.24 1 0
pinz/backend/notification-service/internal/worker/trip_events_worker.go:71.24,73.5 1 0
pinz/backend/notification-service/internal/worker/trip_events_worker.go:74.4,76.12 3 0
pinz/backend/notification-service/internal/worker/trip_events_worker.go:78.3,78.34 1 0
pinz/backend/notification-service/internal/worker/trip_events_worker.go:78.34,79.40 1 0
pinz/backend/notification-service/internal/worker/trip_events_worker.go:79.40,82.56 3 0
pinz/backend/notification-service/internal/worker/trip_events_worker.go:82.56,86.14 3 0
pinz/backend/notification-service/internal/worker/trip_events_worker.go:88.5,90.99 3 0
pinz/backend/notification-service/internal/worker/trip_events_worker.go:90.99,92.6 1 0
pinz/backend/notification-service/internal/worker/trip_events_worker.go:98.87,102.37 4 0
pinz/backend/notification-service/internal/worker/trip_events_worker.go:102.37,104.3 1 0
pinz/backend/notification-service/internal/worker/trip_events_worker.go:106.2,107.16 2 0
pinz/backend/notification-service/internal/worker/trip_events_worker.go:107.16,109.3 1 0
pinz/backend/notification-service/internal/worker/trip_events_worker.go:110.2,110.26 1 0
pinz/backend/notification-service/internal/worker/trip_events_worker.go:110.26,112.3 1 0
pinz/backend/notification-service/internal/worker/trip_events_worker.go:114.2,115.16 2 0
pinz/backend/notification-service/internal/worker/trip_events_worker.go:115.16,118.32 3 0
pinz/backend/notification-service/internal/worker/trip_events_worker.go:118.32,120.4 1 0
pinz/backend/notification-service/internal/worker/trip_events_worker.go:122.2,123.31 2 0
pinz/backend/notification-service/internal/worker/trip_events_worker.go:123.31,124.18 1 0
pinz/backend/notification-service/internal/worker/trip_events_worker.go:124.18,126.4 1 0
pinz/backend/notification-service/internal/worker/trip_events_worker.go:128.2,128.23 1 0
pinz/backend/notification-service/internal/worker/trip_events_worker.go:128.23,130.3 1 0
pinz/backend/notification-service/internal/worker/trip_events_worker.go:132.2,133.16 2 0
pinz/backend/notification-service/internal/worker/trip_events_worker.go:133.16,135.3 1 0
pinz/backend/notification-service/internal/worker/trip_events_worker.go:136.2,136.22 1 0
pinz/backend/notification-service/internal/worker/trip_events_worker.go:136.22,138.3 1 0
pinz/backend/notification-service/internal/worker/trip_events_worker.go:140.2,147.27 3 0
pinz/backend/notification-service/internal/worker/trip_events_worker.go:147.27,148.81 1 0
pinz/backend/notification-service/internal/worker/trip_events_worker.go:148.81,149.12 1 0
pinz/backend/notification-service/internal/worker/trip_events_worker.go:151.3,151.20 1 0
pinz/backend/notification-service/internal/worker/trip_events_worker.go:151.20,152.12 1 0
pinz/backend/notification-service/internal/worker/trip_events_worker.go:154.3,154.61 1 0
pinz/backend/notification-service/internal/worker/trip_events_worker.go:154.61,157.12 2 0
pinz/backend/notification-service/internal/worker/trip_events_worker.go:159.3,159.74 1 0
pinz/backend/notification-service/internal/worker/trip_events_worker.go:159.74,161.4 1 0
pinz/backend/notification-service/internal/worker/trip_events_worker.go:163.2,163.12 1 0
pinz/backend/notification-service/internal/worker/trip_events_worker.go:175.120,177.16 2 0
pinz/backend/notification-service/internal/worker/trip_events_worker.go:177.16,179.3 1 0
pinz/backend/notification-service/internal/worker/trip_events_worker.go:180.2,180.19 1 0
pinz/backend/notification-service/internal/worker/trip_events_worker.go:181.25,182.27 1 0
pinz/backend/notification-service/internal/worker/trip_events_worker.go:183.22,184.24 1 0
pinz/backend/notification-service/internal/worker/trip_events_worker.go:184.24,186.4 1 0
pinz/backend/notification-service/internal/worker/trip_events_worker.go:187.3,187.27 1 0
pinz/backend/notification-service/internal/worker/trip_events_worker.go:188.31,190.34 2 0
pinz/backend/notification-service/internal/worker/trip_events_worker.go:190.34,191.24 1 0
pinz/backend/notification-service/internal/worker/trip_events_worker.go:191.24,193.5 1 0
pinz/backend/notification-service/internal/worker/trip_events_worker.go:195.3,195.24 1 0
pinz/backend/notification-service/internal/worker/trip_events_worker.go:195.24,197.4 1 0
pinz/backend/notification-service/internal/worker/trip_events_worker.go:198.3,198.18 1 0
pinz/backend/notification-service/internal/worker/trip_events_worker.go:199.10,202.34 2 0
pinz/backend/notification-service/internal/worker/trip_events_worker.go:202.34,203.24 1 0
pinz/backend/notification-service/internal/worker/trip_events_worker.go:203.24,205.5 1 0
pinz/backend/notification-service/internal/worker/trip_events_worker.go:207.3,207.18 1 0
pinz/backend/notification-service/internal/worker/trip_events_worker.go:211.66,212.19 1 0
pinz/backend/notification-service/internal/worker/trip_events_worker.go:213.30,214.52 1 0
pinz/backend/notification-service/internal/worker/trip_events_worker.go:215.28,216.47 1 0
pinz/backend/notification-service/internal/worker/trip_events_worker.go:217.31,218.59 1 0
pinz/backend/notification-service/internal/worker/trip_events_worker.go:219.25,220.51 1 0
pinz/backend/notification-service/internal/worker/trip_events_worker.go:221.22,222.38 1 0
pinz/backend/notification-service/internal/worker/trip_events_worker.go:223.21,224.46 1 0
pinz/backend/notification-service/internal/worker/trip_events_worker.go:225.37,228.51 1 0
pinz/backend/notification-service/internal/worker/trip_events_worker.go:229.10,230.31 1 0
pinz/backend/notification-service/internal/worker/trip_events_worker.go:234.89,235.107 1 0
pinz/backend/notification-service/internal/worker/trip_events_worker.go:235.107,238.3 2 0
pinz/backend/notification-service/internal/worker/trip_events_worker.go:239.2,239.12 1 0
pinz/backend/notification-service/internal/worker/trip_events_worker.go:242.37,244.2 1 0
pinz/backend/notification-service/internal/worker/trip_events_worker.go:246.33,247.17 1 0
pinz/backend/notification-service/internal/worker/trip_events_worker.go:247.17,249.3 1 0
pinz/backend/notification-service/internal/worker/trip_events_worker.go:250.2,250.37 1 0
pinz/backend/notification-service/internal/repositories/device_tokens_repository.go:18.68,20.2 1 0
pinz/backend/notification-service/internal/repositories/device_tokens_repository.go:22.104,24.16 2 0
pinz/backend/notification-service/internal/repositories/device_tokens_repository.go:24.16,26.3 1 0
pinz/backend/notification-service/internal/repositories/device_tokens_repository.go:27.2,28.16 2 0
pinz/backend/notification-service/internal/repositories/device_tokens_repository.go:28.16,30.3 1 0
pinz/backend/notification-service/internal/repositories/device_tokens_repository.go:31.2,31.25 1 0
pinz/backend/notification-service/internal/repositories/device_tokens_repository.go:34.103,36.16 2 0
pinz/backend/notification-service/internal/repositories/device_tokens_repository.go:36.16,38.3 1 0
pinz/backend/notification-service/internal/repositories/device_tokens_repository.go:39.2,39.102 1 0
pinz/backend/notification-service/internal/repositories/device_tokens_repository.go:42.111,44.16 2 0
pinz/backend/notification-service/internal/repositories/device_tokens_repository.go:44.16,46.3 1 0
pinz/backend/notification-service/internal/repositories/device_tokens_repository.go:47.2,48.16 2 0
pinz/backend/notification-service/internal/repositories/device_tokens_repository.go:48.16,50.3 1 0
pinz/backend/notification-service/internal/repositories/device_tokens_repository.go:51.2,52.27 2 0
pinz/backend/notification-service/internal/repositories/device_tokens_repository.go:52.27,59.3 1 0
pinz/backend/notification-service/internal/repositories/device_tokens_repository.go:60.2,60.17 1 0
pinz/backend/notification-service/internal/repositories/device_tokens_repository.go:63.115,65.28 2 0
pinz/backend/notification-service/internal/repositories/device_tokens_repository.go:65.28,67.17 2 0
pinz/backend/notification-service/internal/repositories/device_tokens_repository.go:67.17,68.12 1 0
pinz/backend/notification-service/internal/repositories/device_tokens_repository.go:70.3,70.25 1 0
pinz/backend/notification-service/internal/repositories/device_tokens_repository.go:72.2,72.20 1 0
pinz/backend/notification-service/internal/repositories/device_tokens_repository.go:72.20,74.3 1 0
pinz/backend/notification-service/internal/repositories/device_tokens_repository.go:75.2,76.16 2 0
pinz/backend/notification-service/internal/repositories/device_tokens_repository.go:76.16,78.3 1 0
pinz/backend/notification-service/internal/repositories/device_tokens_repository.go:79.2,80.27 2 0
pinz/backend/notification-service/internal/repositories/device_tokens_repository.go:80.27,87.3 1 0
pinz/backend/notification-service/internal/repositories/device_tokens_repository.go:88.2,88.17 1 0
pinz/backend/notification-service/internal/repositories/device_tokens_repository.go:91.102,93.2 1 0
pinz/backend/notification-service/internal/repositories/notification_log_repository.go:14.74,16.2 1 0
pinz/backend/notification-service/internal/repositories/notification_log_repository.go:20.108,22.16 2 0
pinz/backend/notification-service/internal/repositories/notification_log_repository.go:22.16,24.3 1 0
pinz/backend/notification-service/internal/repositories/notification_log_repository.go:25.2,25.19 1 0
pinz/backend/notification-service/internal/repositories/notification_log_repository.go:28.106,30.16 2 0
pinz/backend/notification-service/internal/repositories/notification_log_repository.go:30.16,32.3 1 0
pinz/backend/notification-service/internal/repositories/notification_log_repository.go:33.2,33.16 1 0
pinz/backend/notification-service/internal/repositories/redis_client.go:16.47,18.16 2 0
pinz/backend/notification-service/internal/repositories/redis_client.go:18.16,19.43 1 0
pinz/backend/notification-service/internal/repositories/redis_client.go:19.43,21.18 2 0
pinz/backend/notification-service/internal/repositories/redis_client.go:21.18,23.5 1 0
pinz/backend/notification-service/internal/repositories/redis_client.go:24.4,25.66 2 0
pinz/backend/notification-service/internal/repositories/redis_client.go:25.66,27.5 1 0
pinz/backend/notification-service/internal/repositories/redis_client.go:28.4,29.22 2 0
pinz/backend/notification-service/internal/repositories/redis_client.go:31.3,31.18 1 0
pinz/backend/notification-service/internal/repositories/redis_client.go:33.2,34.64 2 0
pinz/backend/notification-service/internal/repositories/redis_client.go:34.64,36.3 1 0
pinz/backend/notification-service/internal/repositories/redis_client.go:37.2,38.20 2 0
pinz/backend/notification-service/internal/repositories/redis_client.go:41.44,42.60 1 0
pinz/backend/notification-service/internal/repositories/redis_client.go:42.60,44.3 1 0
pinz/backend/notification-service/internal/repositories/redis_client.go:45.2,45.60 1 0
pinz/backend/notification-service/internal/repositories/redis_client.go:45.60,47.3 1 0
pinz/backend/notification-service/internal/repositories/stream_queryer.go:17.80,18.21 1 0
pinz/backend/notification-service/internal/repositories/stream_queryer.go:18.21,20.3 1 0
pinz/backend/notification-service/internal/repositories/stream_queryer.go:21.2,21.44 1 0
pinz/backend/notification-service/internal/repositories/stream_queryer.go:24.108,25.21 1 0
pinz/backend/notification-service/internal/repositories/stream_queryer.go:25.21,27.3 1 0
pinz/backend/notification-service/internal/repositories/stream_queryer.go:28.2,29.16 2 0
pinz/backend/notification-service/internal/repositories/stream_queryer.go:29.16,30.47 1 0
pinz/backend/notification-service/internal/repositories/stream_queryer.go:30.47,32.4 1 0
pinz/backend/notification-service/internal/repositories/stream_queryer.go:33.3,33.39 1 0
pinz/backend/notification-service/internal/repositories/stream_queryer.go:35.2,35.14 1 0
pinz/backend/notification-service/internal/repositories/stream_queryer.go:35.14,37.3 1 0
pinz/backend/notification-service/internal/repositories/stream_queryer.go:38.2,39.18 2 0
pinz/backend/notification-service/internal/repositories/stream_queryer.go:39.18,41.3 1 0
pinz/backend/notification-service/internal/repositories/stream_queryer.go:42.2,45.32 2 0
pinz/backend/notification-service/internal/repositories/stream_queryer.go:45.32,47.3 1 0
pinz/backend/notification-service/internal/repositories/stream_queryer.go:48.2,48.17 1 0
pinz/backend/notification-service/internal/repositories/trip_client.go:32.43,34.16 2 0
pinz/backend/notification-service/internal/repositories/trip_client.go:34.16,37.3 2 0
pinz/backend/notification-service/internal/repositories/trip_client.go:38.2,42.16 2 0
pinz/backend/notification-service/internal/repositories/trip_client.go:42.16,44.3 1 0
pinz/backend/notification-service/internal/repositories/trip_client.go:45.2,45.73 1 0
pinz/backend/notification-service/internal/repositories/trip_client.go:49.99,51.16 2 0
pinz/backend/notification-service/internal/repositories/trip_client.go:51.16,53.3 1 0
pinz/backend/notification-service/internal/repositories/trip_client.go:54.2,54.31 1 0
pinz/backend/notification-service/internal/repositories/trip_client.go:57.125,58.23 1 0
pinz/backend/notification-service/internal/repositories/trip_client.go:58.23,60.3 1 0
pinz/backend/notification-service/internal/repositories/trip_client.go:61.2,62.16 2 0
pinz/backend/notification-service/internal/repositories/trip_client.go:62.16,64.3 1 0
pinz/backend/notification-service/internal/repositories/trip_client.go:65.2,66.16 2 0
pinz/backend/notification-service/internal/repositories/trip_client.go:66.16,68.3 1 0
pinz/backend/notification-service/internal/repositories/trip_client.go:70.2,70.30 1 0
pinz/backend/notification-service/internal/repositories/trip_client.go:70.30,71.29 1 0
pinz/backend/notification-service/internal/repositories/trip_client.go:71.29,73.4 1 0
pinz/backend/notification-service/internal/repositories/trip_client.go:75.2,75.17 1 0
pinz/backend/notification-service/internal/repositories/trip_client.go:78.113,80.16 2 0
pinz/backend/notification-service/internal/repositories/trip_client.go:80.16,82.3 1 0
pinz/backend/notification-service/internal/repositories/trip_client.go:83.2,83.29 1 0
pinz/backend/notification-service/internal/repositories/trip_client.go:86.115,88.16 2 0
pinz/backend/notification-service/internal/repositories/trip_client.go:88.16,90.3 1 0
pinz/backend/notification-service/internal/repositories/trip_client.go:91.2,91.29 1 0
pinz/backend/notification-service/internal/repositories/trip_client.go:94.36,95.31 1 0
pinz/backend/notification-service/internal/repositories/trip_client.go:95.31,97.3 1 0
pinz/backend/notification-service/internal/repositories/trip_client.go:98.2,98.23 1 0
pinz/backend/notification-service/internal/email/sender.go:18.33,20.16 2 0
pinz/backend/notification-service/internal/email/sender.go:20.16,22.3 1 0
pinz/backend/notification-service/internal/email/sender.go:23.2,24.16 2 0
pinz/backend/notification-service/internal/email/sender.go:24.16,26.3 1 0
pinz/backend/notification-service/internal/email/sender.go:27.2,33.3 1 0
pinz/backend/notification-service/internal/email/sender.go:36.69,38.2 1 0
pinz/backend/notification-service/internal/email/sender.go:40.62,41.14 1 0
pinz/backend/notification-service/internal/email/sender.go:41.14,43.3 1 0
pinz/backend/notification-service/internal/email/sender.go:44.2,49.69 4 0
pinz/backend/notification-service/internal/metrics/metrics.go:19.13,39.2 6 0
pinz/backend/notification-service/internal/metrics/metrics.go:41.62,42.23 1 0
pinz/backend/notification-service/internal/metrics/metrics.go:42.23,44.3 1 0
pinz/backend/notification-service/internal/metrics/metrics.go:45.2,48.4 1 0
pinz/backend/notification-service/internal/metrics/metrics.go:51.79,52.25 1 0
pinz/backend/notification-service/internal/metrics/metrics.go:52.25,54.3 1 0
pinz/backend/notification-service/internal/metrics/metrics.go:55.2,55.94 1 0
pinz/backend/notification-service/internal/metrics/metrics.go:58.48,59.19 1 0
pinz/backend/notification-service/internal/metrics/metrics.go:59.19,61.3 1 0
pinz/backend/notification-service/internal/metrics/metrics.go:62.2,62.79 1 0
pinz/backend/notification-service/internal/metrics/metrics.go:65.83,66.27 1 0
pinz/backend/notification-service/internal/metrics/metrics.go:66.27,68.3 1 0
pinz/backend/notification-service/internal/metrics/metrics.go:69.2,74.4 1 0
pinz/backend/notification-service/internal/metrics/metrics.go:77.95,78.34 1 0
pinz/backend/notification-service/internal/metrics/metrics.go:78.34,80.3 1 0
pinz/backend/notification-service/internal/metrics/metrics.go:81.2,84.4 1 0
pinz/backend/notification-service/internal/apns/sender.go:37.42,42.67 5 0
pinz/backend/notification-service/internal/apns/sender.go:42.67,45.3 2 0
pinz/backend/notification-service/internal/apns/sender.go:46.2,47.16 2 0
pinz/backend/notification-service/internal/apns/sender.go:47.16,49.3 1 0
pinz/backend/notification-service/internal/apns/sender.go:50.2,51.16 2 0
pinz/backend/notification-service/internal/apns/sender.go:51.16,53.3 1 0
pinz/backend/notification-service/internal/apns/sender.go:54.2,56.44 3 0
pinz/backend/notification-service/internal/apns/sender.go:56.44,58.3 1 0
pinz/backend/notification-service/internal/apns/sender.go:58.8,60.3 1 0
pinz/backend/notification-service/internal/apns/sender.go:61.2,61.51 1 0
pinz/backend/notification-service/internal/apns/sender.go:64.95,65.30 1 0
pinz/backend/notification-service/internal/apns/sender.go:65.30,67.3 1 0
pinz/backend/notification-service/internal/apns/sender.go:68.2,69.28 2 0
pinz/backend/notification-service/internal/apns/sender.go:69.28,71.3 1 0
pinz/backend/notification-service/internal/apns/sender.go:72.2,78.20 3 0
pinz/backend/notification-service/internal/apns/sender.go:78.20,80.3 1 0
pinz/backend/notification-service/internal/apns/sender.go:81.2,84.16 4 0
pinz/backend/notification-service/internal/apns/sender.go:84.16,88.3 3 0
pinz/backend/notification-service/internal/apns/sender.go:89.2,89.17 1 0
pinz/backend/notification-service/internal/apns/sender.go:89.17,91.19 2 0
pinz/backend/notification-service/internal/apns/sender.go:91.19,93.4 1 0
pinz/backend/notification-service/internal/apns/sender.go:94.3,96.86 3 0
pinz/backend/notification-service/internal/apns/sender.go:98.2,100.12 3 0
pinz/backend/notification-service/internal/worker/email_worker.go:29.55,30.20 1 0
pinz/backend/notification-service/internal/worker/email_worker.go:30.20,34.3 3 0
pinz/backend/notification-service/internal/worker/email_worker.go:35.2,35.83 1 0
pinz/backend/notification-service/internal/worker/email_worker.go:35.83,37.3 1 0
pinz/backend/notification-service/internal/worker/email_worker.go:38.2,40.6 2 0
pinz/backend/notification-service/internal/worker/email_worker.go:40.6,41.10 1 0
pinz/backend/notification-service/internal/worker/email_worker.go:42.21,44.14 2 0
pinz/backend/notification-service/internal/worker/email_worker.go:45.11,45.11 0 0
pinz/backend/notification-service/internal/worker/email_worker.go:47.3,54.37 2 0
pinz/backend/notification-service/internal/worker/email_worker.go:54.37,55.24 1 0
pinz/backend/notification-service/internal/worker/email_worker.go:55.24,57.5 1 0
pinz/backend/notification-service/internal/worker/email_worker.go:58.4,60.12 3 0
pinz/backend/notification-service/internal/worker/email_worker.go:62.3,62.34 1 0
pinz/backend/notification-service/internal/worker/email_worker.go:62.34,63.40 1 0
pinz/backend/notification-service/internal/worker/email_worker.go:63.40,69.38 5 0
pinz/backend/notification-service/internal/worker/email_worker.go:69.38,74.14 5 0
pinz/backend/notification-service/internal/worker/email_worker.go:77.5,77.24 1 0
pinz/backend/notification-service/internal/worker/email_worker.go:77.24,82.14 5 0
pinz/backend/notification-service/internal/worker/email_worker.go:85.5,85.74 1 0
pinz/backend/notification-service/internal/worker/email_worker.go:85.74,90.6 3 0
pinz/backend/notification-service/internal/worker/email_worker.go:90.11,95.6 3 0
pinz/backend/notification-service/internal/worker/email_worker.go:96.5,98.67 2 0
pinz/backend/notification-service/internal/worker/trip_events_worker.go:45.65,46.20 1 0
pinz/backend/notification-service/internal/worker/trip_events_worker.go:46.20,50.3 3 0
pinz/backend/notification-service/internal/worker/trip_events_worker.go:51.2,51.93 1 0
pinz/backend/notification-service/internal/worker/trip_events_worker.go:51.93,53.3 1 0
pinz/backend/notification-service/internal/worker/trip_events_worker.go:54.2,56.6 2 0
pinz/backend/notification-service/internal/worker/trip_events_worker.go:56.6,57.10 1 0
pinz/backend/notification-service/internal/worker/trip_events_worker.go:58.21,60.14 2 0
pinz/backend/notification-service/internal/worker/trip_events_worker.go:61.11,61.11 0 0
pinz/backend/notification-service/internal/worker/trip_events_worker.go:63.3,70.37 2 0
pinz/backend/notification-service/internal/worker/trip_events_worker.go:70.37,71.24 1 0
pinz/backend/notification-service/internal/worker/trip_events_worker.go:71.24,73.5 1 0
pinz/backend/notification-service/internal/worker/trip_events_worker.go:74.4,76.12 3 0
pinz/backend/notification-service/internal/worker/trip_events_worker.go:78.3,78.34 1 0
pinz/backend/notification-service/internal/worker/trip_events_worker.go:78.34,79.40 1 0
pinz/backend/notification-service/internal/worker/trip_events_worker.go:79.40,82.56 3 0
pinz/backend/notification-service/internal/worker/trip_events_worker.go:82.56,86.14 3 0
pinz/backend/notification-service/internal/worker/trip_events_worker.go:88.5,90.99 3 0
pinz/backend/notification-service/internal/worker/trip_events_worker.go:90.99,92.6 1 0
pinz/backend/notification-service/internal/worker/trip_events_worker.go:98.87,102.37 4 0
pinz/backend/notification-service/internal/worker/trip_events_worker.go:102.37,104.3 1 0
pinz/backend/notification-service/internal/worker/trip_events_worker.go:106.2,107.16 2 0
pinz/backend/notification-service/internal/worker/trip_events_worker.go:107.16,109.3 1 0
pinz/backend/notification-service/internal/worker/trip_events_worker.go:110.2,110.26 1 0
pinz/backend/notification-service/internal/worker/trip_events_worker.go:110.26,112.3 1 0
pinz/backend/notification-service/internal/worker/trip_events_worker.go:114.2,115.16 2 0
pinz/backend/notification-service/internal/worker/trip_events_worker.go:115.16,118.32 3 0
pinz/backend/notification-service/internal/worker/trip_events_worker.go:118.32,120.4 1 0
pinz/backend/notification-service/internal/worker/trip_events_worker.go:122.2,123.31 2 0
pinz/backend/notification-service/internal/worker/trip_events_worker.go:123.31,124.18 1 0
pinz/backend/notification-service/internal/worker/trip_events_worker.go:124.18,126.4 1 0
pinz/backend/notification-service/internal/worker/trip_events_worker.go:128.2,128.23 1 0
pinz/backend/notification-service/internal/worker/trip_events_worker.go:128.23,130.3 1 0
pinz/backend/notification-service/internal/worker/trip_events_worker.go:132.2,133.16 2 0
pinz/backend/notification-service/internal/worker/trip_events_worker.go:133.16,135.3 1 0
pinz/backend/notification-service/internal/worker/trip_events_worker.go:136.2,136.22 1 0
pinz/backend/notification-service/internal/worker/trip_events_worker.go:136.22,138.3 1 0
pinz/backend/notification-service/internal/worker/trip_events_worker.go:140.2,147.27 3 0
pinz/backend/notification-service/internal/worker/trip_events_worker.go:147.27,148.81 1 0
pinz/backend/notification-service/internal/worker/trip_events_worker.go:148.81,149.12 1 0
pinz/backend/notification-service/internal/worker/trip_events_worker.go:151.3,151.20 1 0
pinz/backend/notification-service/internal/worker/trip_events_worker.go:151.20,152.12 1 0
pinz/backend/notification-service/internal/worker/trip_events_worker.go:154.3,154.61 1 0
pinz/backend/notification-service/internal/worker/trip_events_worker.go:154.61,157.12 2 0
pinz/backend/notification-service/internal/worker/trip_events_worker.go:159.3,159.74 1 0
pinz/backend/notification-service/internal/worker/trip_events_worker.go:159.74,161.4 1 0
pinz/backend/notification-service/internal/worker/trip_events_worker.go:163.2,163.12 1 0
pinz/backend/notification-service/internal/worker/trip_events_worker.go:175.120,177.16 2 0
pinz/backend/notification-service/internal/worker/trip_events_worker.go:177.16,179.3 1 0
pinz/backend/notification-service/internal/worker/trip_events_worker.go:180.2,180.19 1 0
pinz/backend/notification-service/internal/worker/trip_events_worker.go:181.25,182.27 1 0
pinz/backend/notification-service/internal/worker/trip_events_worker.go:183.22,184.24 1 0
pinz/backend/notification-service/internal/worker/trip_events_worker.go:184.24,186.4 1 0
pinz/backend/notification-service/internal/worker/trip_events_worker.go:187.3,187.27 1 0
pinz/backend/notification-service/internal/worker/trip_events_worker.go:188.31,190.34 2 0
pinz/backend/notification-service/internal/worker/trip_events_worker.go:190.34,191.24 1 0
pinz/backend/notification-service/internal/worker/trip_events_worker.go:191.24,193.5 1 0
pinz/backend/notification-service/internal/worker/trip_events_worker.go:195.3,195.24 1 0
pinz/backend/notification-service/internal/worker/trip_events_worker.go:195.24,197.4 1 0
pinz/backend/notification-service/internal/worker/trip_events_worker.go:198.3,198.18 1 0
pinz/backend/notification-service/internal/worker/trip_events_worker.go:199.10,202.34 2 0
pinz/backend/notification-service/internal/worker/trip_events_worker.go:202.34,203.24 1 0
pinz/backend/notification-service/internal/worker/trip_events_worker.go:203.24,205.5 1 0
pinz/backend/notification-service/internal/worker/trip_events_worker.go:207.3,207.18 1 0
pinz/backend/notification-service/internal/worker/trip_events_worker.go:211.66,212.19 1 0
pinz/backend/notification-service/internal/worker/trip_events_worker.go:213.30,214.52 1 0
pinz/backend/notification-service/internal/worker/trip_events_worker.go:215.28,216.47 1 0
pinz/backend/notification-service/internal/worker/trip_events_worker.go:217.31,218.59 1 0
pinz/backend/notification-service/internal/worker/trip_events_worker.go:219.25,220.51 1 0
pinz/backend/notification-service/internal/worker/trip_events_worker.go:221.22,222.38 1 0
pinz/backend/notification-service/internal/worker/trip_events_worker.go:223.21,224.46 1 0
pinz/backend/notification-service/internal/worker/trip_events_worker.go:225.37,228.51 1 0
pinz/backend/notification-service/internal/worker/trip_events_worker.go:229.10,230.31 1 0
pinz/backend/notification-service/internal/worker/trip_events_worker.go:234.89,235.107 1 0
pinz/backend/notification-service/internal/worker/trip_events_worker.go:235.107,238.3 2 0
pinz/backend/notification-service/internal/worker/trip_events_worker.go:239.2,239.12 1 0
pinz/backend/notification-service/internal/worker/trip_events_worker.go:242.37,244.2 1 0
pinz/backend/notification-service/internal/worker/trip_events_worker.go:246.33,247.17 1 0
pinz/backend/notification-service/internal/worker/trip_events_worker.go:247.17,249.3 1 0
pinz/backend/notification-service/internal/worker/trip_events_worker.go:250.2,250.37 1 0
pinz/backend/notification-service/internal/apns/sender.go:37.42,42.67 5 0
pinz/backend/notification-service/internal/apns/sender.go:42.67,45.3 2 0
pinz/backend/notification-service/internal/apns/sender.go:46.2,47.16 2 0
pinz/backend/notification-service/internal/apns/sender.go:47.16,49.3 1 0
pinz/backend/notification-service/internal/apns/sender.go:50.2,51.16 2 0
pinz/backend/notification-service/internal/apns/sender.go:51.16,53.3 1 0
pinz/backend/notification-service/internal/apns/sender.go:54.2,56.44 3 0
pinz/backend/notification-service/internal/apns/sender.go:56.44,58.3 1 0
pinz/backend/notification-service/internal/apns/sender.go:58.8,60.3 1 0
pinz/backend/notification-service/internal/apns/sender.go:61.2,61.51 1 0
pinz/backend/notification-service/internal/apns/sender.go:64.95,65.30 1 0
pinz/backend/notification-service/internal/apns/sender.go:65.30,67.3 1 0
pinz/backend/notification-service/internal/apns/sender.go:68.2,69.28 2 0
pinz/backend/notification-service/internal/apns/sender.go:69.28,71.3 1 0
pinz/backend/notification-service/internal/apns/sender.go:72.2,78.20 3 0
pinz/backend/notification-service/internal/apns/sender.go:78.20,80.3 1 0
pinz/backend/notification-service/internal/apns/sender.go:81.2,84.16 4 0
pinz/backend/notification-service/internal/apns/sender.go:84.16,88.3 3 0
pinz/backend/notification-service/internal/apns/sender.go:89.2,89.17 1 0
pinz/backend/notification-service/internal/apns/sender.go:89.17,91.19 2 0
pinz/backend/notification-service/internal/apns/sender.go:91.19,93.4 1 0
pinz/backend/notification-service/internal/apns/sender.go:94.3,96.86 3 0
pinz/backend/notification-service/internal/apns/sender.go:98.2,100.12 3 0
pinz/backend/notification-service/internal/email/sender.go:18.33,20.16 2 0
pinz/backend/notification-service/internal/email/sender.go:20.16,22.3 1 0
pinz/backend/notification-service/internal/email/sender.go:23.2,24.16 2 0
pinz/backend/notification-service/internal/email/sender.go:24.16,26.3 1 0
pinz/backend/notification-service/internal/email/sender.go:27.2,33.3 1 0
pinz/backend/notification-service/internal/email/sender.go:36.69,38.2 1 0
pinz/backend/notification-service/internal/email/sender.go:40.62,41.14 1 0
pinz/backend/notification-service/internal/email/sender.go:41.14,43.3 1 0
pinz/backend/notification-service/internal/email/sender.go:44.2,49.69 4 0
pinz/backend/notification-service/internal/metrics/metrics.go:19.13,39.2 6 0
pinz/backend/notification-service/internal/metrics/metrics.go:41.62,42.23 1 0
pinz/backend/notification-service/internal/metrics/metrics.go:42.23,44.3 1 0
pinz/backend/notification-service/internal/metrics/metrics.go:45.2,48.4 1 0
pinz/backend/notification-service/internal/metrics/metrics.go:51.79,52.25 1 0
pinz/backend/notification-service/internal/metrics/metrics.go:52.25,54.3 1 0
pinz/backend/notification-service/internal/metrics/metrics.go:55.2,55.94 1 0
pinz/backend/notification-service/internal/metrics/metrics.go:58.48,59.19 1 0
pinz/backend/notification-service/internal/metrics/metrics.go:59.19,61.3 1 0
pinz/backend/notification-service/internal/metrics/metrics.go:62.2,62.79 1 0
pinz/backend/notification-service/internal/metrics/metrics.go:65.83,66.27 1 0
pinz/backend/notification-service/internal/metrics/metrics.go:66.27,68.3 1 0
pinz/backend/notification-service/internal/metrics/metrics.go:69.2,74.4 1 0
pinz/backend/notification-service/internal/metrics/metrics.go:77.95,78.34 1 0
pinz/backend/notification-service/internal/metrics/metrics.go:78.34,80.3 1 0
pinz/backend/notification-service/internal/metrics/metrics.go:81.2,84.4 1 0
pinz/backend/notification-service/internal/repositories/device_tokens_repository.go:18.68,20.2 1 0
pinz/backend/notification-service/internal/repositories/device_tokens_repository.go:22.104,24.16 2 0
pinz/backend/notification-service/internal/repositories/device_tokens_repository.go:24.16,26.3 1 0
pinz/backend/notification-service/internal/repositories/device_tokens_repository.go:27.2,28.16 2 0
pinz/backend/notification-service/internal/repositories/device_tokens_repository.go:28.16,30.3 1 0
pinz/backend/notification-service/internal/repositories/device_tokens_repository.go:31.2,31.25 1 0
pinz/backend/notification-service/internal/repositories/device_tokens_repository.go:34.103,36.16 2 0
pinz/backend/notification-service/internal/repositories/device_tokens_repository.go:36.16,38.3 1 0
pinz/backend/notification-service/internal/repositories/device_tokens_repository.go:39.2,39.102 1 0
pinz/backend/notification-service/internal/repositories/device_tokens_repository.go:42.111,44.16 2 0
pinz/backend/notification-service/internal/repositories/device_tokens_repository.go:44.16,46.3 1 0
pinz/backend/notification-service/internal/repositories/device_tokens_repository.go:47.2,48.16 2 0
pinz/backend/notification-service/internal/repositories/device_tokens_repository.go:48.16,50.3 1 0
pinz/backend/notification-service/internal/repositories/device_tokens_repository.go:51.2,52.27 2 0
pinz/backend/notification-service/internal/repositories/device_tokens_repository.go:52.27,59.3 1 0
pinz/backend/notification-service/internal/repositories/device_tokens_repository.go:60.2,60.17 1 0
pinz/backend/notification-service/internal/repositories/device_tokens_repository.go:63.115,65.28 2 0
pinz/backend/notification-service/internal/repositories/device_tokens_repository.go:65.28,67.17 2 0
pinz/backend/notification-service/internal/repositories/device_tokens_repository.go:67.17,68.12 1 0
pinz/backend/notification-service/internal/repositories/device_tokens_repository.go:70.3,70.25 1 0
pinz/backend/notification-service/internal/repositories/device_tokens_repository.go:72.2,72.20 1 0
pinz/backend/notification-service/internal/repositories/device_tokens_repository.go:72.20,74.3 1 0
pinz/backend/notification-service/internal/repositories/device_tokens_repository.go:75.2,76.16 2 0
pinz/backend/notification-service/internal/repositories/device_tokens_repository.go:76.16,78.3 1 0
pinz/backend/notification-service/internal/repositories/device_tokens_repository.go:79.2,80.27 2 0
pinz/backend/notification-service/internal/repositories/device_tokens_repository.go:80.27,87.3 1 0
pinz/backend/notification-service/internal/repositories/device_tokens_repository.go:88.2,88.17 1 0
pinz/backend/notification-service/internal/repositories/device_tokens_repository.go:91.102,93.2 1 0
pinz/backend/notification-service/internal/repositories/notification_log_repository.go:14.74,16.2 1 0
pinz/backend/notification-service/internal/repositories/notification_log_repository.go:20.108,22.16 2 0
pinz/backend/notification-service/internal/repositories/notification_log_repository.go:22.16,24.3 1 0
pinz/backend/notification-service/internal/repositories/notification_log_repository.go:25.2,25.19 1 0
pinz/backend/notification-service/internal/repositories/notification_log_repository.go:28.106,30.16 2 0
pinz/backend/notification-service/internal/repositories/notification_log_repository.go:30.16,32.3 1 0
pinz/backend/notification-service/internal/repositories/notification_log_repository.go:33.2,33.16 1 0
pinz/backend/notification-service/internal/repositories/redis_client.go:16.47,18.16 2 0
pinz/backend/notification-service/internal/repositories/redis_client.go:18.16,19.43 1 0
pinz/backend/notification-service/internal/repositories/redis_client.go:19.43,21.18 2 0
pinz/backend/notification-service/internal/repositories/redis_client.go:21.18,23.5 1 0
pinz/backend/notification-service/internal/repositories/redis_client.go:24.4,25.66 2 0
pinz/backend/notification-service/internal/repositories/redis_client.go:25.66,27.5 1 0
pinz/backend/notification-service/internal/repositories/redis_client.go:28.4,29.22 2 0
pinz/backend/notification-service/internal/repositories/redis_client.go:31.3,31.18 1 0
pinz/backend/notification-service/internal/repositories/redis_client.go:33.2,34.64 2 0
pinz/backend/notification-service/internal/repositories/redis_client.go:34.64,36.3 1 0
pinz/backend/notification-service/internal/repositories/redis_client.go:37.2,38.20 2 0
pinz/backend/notification-service/internal/repositories/redis_client.go:41.44,42.60 1 0
pinz/backend/notification-service/internal/repositories/redis_client.go:42.60,44.3 1 0
pinz/backend/notification-service/internal/repositories/redis_client.go:45.2,45.60 1 0
pinz/backend/notification-service/internal/repositories/redis_client.go:45.60,47.3 1 0
pinz/backend/notification-service/internal/repositories/stream_queryer.go:17.80,18.21 1 0
pinz/backend/notification-service/internal/repositories/stream_queryer.go:18.21,20.3 1 0
pinz/backend/notification-service/internal/repositories/stream_queryer.go:21.2,21.44 1 0
pinz/backend/notification-service/internal/repositories/stream_queryer.go:24.108,25.21 1 0
pinz/backend/notification-service/internal/repositories/stream_queryer.go:25.21,27.3 1 0
pinz/backend/notification-service/internal/repositories/stream_queryer.go:28.2,29.16 2 0
pinz/backend/notification-service/internal/repositories/stream_queryer.go:29.16,30.47 1 0
pinz/backend/notification-service/internal/repositories/stream_queryer.go:30.47,32.4 1 0
pinz/backend/notification-service/internal/repositories/stream_queryer.go:33.3,33.39 1 0
pinz/backend/notification-service/internal/repositories/stream_queryer.go:35.2,35.14 1 0
pinz/backend/notification-service/internal/repositories/stream_queryer.go:35.14,37.3 1 0
pinz/backend/notification-service/internal/repositories/stream_queryer.go:38.2,39.18 2 0
pinz/backend/notification-service/internal/repositories/stream_queryer.go:39.18,41.3 1 0
pinz/backend/notification-service/internal/repositories/stream_queryer.go:42.2,45.32 2 0
pinz/backend/notification-service/internal/repositories/stream_queryer.go:45.32,47.3 1 0
pinz/backend/notification-service/internal/repositories/stream_queryer.go:48.2,48.17 1 0
pinz/backend/notification-service/internal/repositories/trip_client.go:32.43,34.16 2 0
pinz/backend/notification-service/internal/repositories/trip_client.go:34.16,37.3 2 0
pinz/backend/notification-service/internal/repositories/trip_client.go:38.2,42.16 2 0
pinz/backend/notification-service/internal/repositories/trip_client.go:42.16,44.3 1 0
pinz/backend/notification-service/internal/repositories/trip_client.go:45.2,45.73 1 0
pinz/backend/notification-service/internal/repositories/trip_client.go:49.99,51.16 2 0
pinz/backend/notification-service/internal/repositories/trip_client.go:51.16,53.3 1 0
pinz/backend/notification-service/internal/repositories/trip_client.go:54.2,54.31 1 0
pinz/backend/notification-service/internal/repositories/trip_client.go:57.125,58.23 1 0
pinz/backend/notification-service/internal/repositories/trip_client.go:58.23,60.3 1 0
pinz/backend/notification-service/internal/repositories/trip_client.go:61.2,62.16 2 0
pinz/backend/notification-service/internal/repositories/trip_client.go:62.16,64.3 1 0
pinz/backend/notification-service/internal/repositories/trip_client.go:65.2,66.16 2 0
pinz/backend/notification-service/internal/repositories/trip_client.go:66.16,68.3 1 0
pinz/backend/notification-service/internal/repositories/trip_client.go:70.2,70.30 1 0
pinz/backend/notification-service/internal/repositories/trip_client.go:70.30,71.29 1 0
pinz/backend/notification-service/internal/repositories/trip_client.go:71.29,73.4 1 0
pinz/backend/notification-service/internal/repositories/trip_client.go:75.2,75.17 1 0
pinz/backend/notification-service/internal/repositories/trip_client.go:78.113,80.16 2 0
pinz/backend/notification-service/internal/repositories/trip_client.go:80.16,82.3 1 0
pinz/backend/notification-service/internal/repositories/trip_client.go:83.2,83.29 1 0
pinz/backend/notification-service/internal/repositories/trip_client.go:86.115,88.16 2 0
pinz/backend/notification-service/internal/repositories/trip_client.go:88.16,90.3 1 0
pinz/backend/notification-service/internal/repositories/trip_client.go:91.2,91.29 1 0
pinz/backend/notification-service/internal/repositories/trip_client.go:94.36,95.31 1 0
pinz/backend/notification-service/internal/repositories/trip_client.go:95.31,97.3 1 0
pinz/backend/notification-service/internal/repositories/trip_client.go:98.2,98.23 1 0
pinz/backend/notification-service/internal/scheduler/scheduler.go:34.45,35.43 1 0
pinz/backend/notification-service/internal/scheduler/scheduler.go:35.43,39.3 3 0
pinz/backend/notification-service/internal/scheduler/scheduler.go:40.2,45.6 4 0
pinz/backend/notification-service/internal/scheduler/scheduler.go:45.6,46.10 1 0
pinz/backend/notification-service/internal/scheduler/scheduler.go:47.21,49.14 2 0
pinz/backend/notification-service/internal/scheduler/scheduler.go:50.19,51.20 1 0
pinz/backend/notification-service/internal/scheduler/scheduler.go:56.44,58.36 2 0
pinz/backend/notification-service/internal/scheduler/scheduler.go:58.36,61.3 2 0
pinz/backend/notification-service/internal/scheduler/scheduler.go:62.2,63.22 2 0
pinz/backend/notification-service/internal/scheduler/scheduler.go:63.22,64.70 1 0
pinz/backend/notification-service/internal/scheduler/scheduler.go:64.70,65.35 1 0
pinz/backend/notification-service/internal/scheduler/scheduler.go:65.35,67.5 1 0
pinz/backend/notification-service/internal/scheduler/scheduler.go:70.2,70.101 1 0
pinz/backend/notification-service/internal/scheduler/scheduler.go:70.101,72.3 1 0
pinz/backend/notification-service/internal/scheduler/scheduler.go:73.2,73.22 1 0
pinz/backend/notification-service/internal/scheduler/scheduler.go:76.58,81.16 4 0
pinz/backend/notification-service/internal/scheduler/scheduler.go:81.16,83.3 1 0
pinz/backend/notification-service/internal/scheduler/scheduler.go:83.8,84.27 1 0
pinz/backend/notification-service/internal/scheduler/scheduler.go:84.27,87.4 2 0
pinz/backend/notification-service/internal/scheduler/scheduler.go:90.2,91.16 2 0
pinz/backend/notification-service/internal/scheduler/scheduler.go:91.16,93.3 1 0
pinz/backend/notification-service/internal/scheduler/scheduler.go:93.8,94.32 1 0
pinz/backend/notification-service/internal/scheduler/scheduler.go:94.32,97.4 2 0
pinz/backend/notification-service/internal/scheduler/scheduler.go:100.2,100.50 1 0
pinz/backend/notification-service/internal/scheduler/scheduler.go:104.58,106.16 2 0
pinz/backend/notification-service/internal/scheduler/scheduler.go:106.16,108.3 1 0
pinz/backend/notification-service/internal/scheduler/scheduler.go:109.2,109.83 1 0
pinz/backend/notification-service/internal/scheduler/scheduler.go:112.110,113.26 1 1
pinz/backend/notification-service/internal/scheduler/scheduler.go:113.26,115.27 2 1
pinz/backend/notification-service/internal/scheduler/scheduler.go:115.27,116.12 1 1
pinz/backend/notification-service/internal/scheduler/scheduler.go:118.3,119.17 2 1
pinz/backend/notification-service/internal/scheduler/scheduler.go:119.17,123.33 3 0
pinz/backend/notification-service/internal/scheduler/scheduler.go:123.33,125.5 1 0
pinz/backend/notification-service/internal/scheduler/scheduler.go:127.3,128.32 2 1
pinz/backend/notification-service/internal/scheduler/scheduler.go:128.32,129.19 1 1
pinz/backend/notification-service/internal/scheduler/scheduler.go:129.19,131.5 1 1
pinz/backend/notification-service/internal/scheduler/scheduler.go:133.3,133.24 1 1
pinz/backend/notification-service/internal/scheduler/scheduler.go:133.24,134.12 1 0
pinz/backend/notification-service/internal/scheduler/scheduler.go:136.3,137.17 2 1
pinz/backend/notification-service/internal/scheduler/scheduler.go:137.17,140.12 2 0
pinz/backend/notification-service/internal/scheduler/scheduler.go:142.3,142.23 1 1
pinz/backend/notification-service/internal/scheduler/scheduler.go:142.23,143.12 1 0
pinz/backend/notification-service/internal/scheduler/scheduler.go:145.3,151.30 3 1
pinz/backend/notification-service/internal/scheduler/scheduler.go:151.30,152.85 1 1
pinz/backend/notification-service/internal/scheduler/scheduler.go:152.85,153.13 1 1
pinz/backend/notification-service/internal/scheduler/scheduler.go:155.4,155.21 1 1
pinz/backend/notification-service/internal/scheduler/scheduler.go:155.21,156.13 1 0
pinz/backend/notification-service/internal/scheduler/scheduler.go:158.4,158.64 1 1
pinz/backend/notification-service/internal/scheduler/scheduler.go:158.64,161.13 2 0
pinz/backend/notification-service/internal/scheduler/scheduler.go:163.4,163.78 1 1
pinz/backend/notification-service/internal/scheduler/scheduler.go:163.78,165.5 1 0
pinz/backend/notification-service/internal/services/notification_service.go:22.103,24.2 1 0
pinz/backend/notification-service/internal/services/notification_service.go:26.149,29.18 3 0
pinz/backend/notification-service/internal/services/notification_service.go:29.18,31.3 1 0
pinz/backend/notification-service/internal/services/notification_service.go:32.2,32.21 1 0
pinz/backend/notification-service/internal/services/notification_service.go:32.21,34.3 1 0
pinz/backend/notification-service/internal/services/notification_service.go:35.2,36.16 2 0
pinz/backend/notification-service/internal/services/notification_service.go:36.16,37.39 1 0
pinz/backend/notification-service/internal/services/notification_service.go:37.39,39.4 1 0
pinz/backend/notification-service/internal/services/notification_service.go:40.3,40.76 1 0
pinz/backend/notification-service/internal/services/notification_service.go:42.2,42.58 1 0
pinz/backend/notification-service/internal/services/notification_service.go:45.155,48.18 3 0
pinz/backend/notification-service/internal/services/notification_service.go:48.18,50.3 1 0
pinz/backend/notification-service/internal/services/notification_service.go:51.2,51.21 1 0
pinz/backend/notification-service/internal/services/notification_service.go:51.21,53.3 1 0
pinz/backend/notification-service/internal/services/notification_service.go:54.2,55.16 2 0
pinz/backend/notification-service/internal/services/notification_service.go:55.16,57.3 1 0
pinz/backend/notification-service/internal/services/notification_service.go:58.2,58.63 1 0
pinz/backend/notification-service/internal/worker/email_worker.go:29.55,30.20 1 0
pinz/backend/notification-service/internal/worker/email_worker.go:30.20,34.3 3 0
pinz/backend/notification-service/internal/worker/email_worker.go:35.2,35.83 1 0
pinz/backend/notification-service/internal/worker/email_worker.go:35.83,37.3 1 0
pinz/backend/notification-service/internal/worker/email_worker.go:38.2,40.6 2 0
pinz/backend/notification-service/internal/worker/email_worker.go:40.6,41.10 1 0
pinz/backend/notification-service/internal/worker/email_worker.go:42.21,44.14 2 0
pinz/backend/notification-service/internal/worker/email_worker.go:45.11,45.11 0 0
pinz/backend/notification-service/internal/worker/email_worker.go:47.3,54.37 2 0
pinz/backend/notification-service/internal/worker/email_worker.go:54.37,55.24 1 0
pinz/backend/notification-service/internal/worker/email_worker.go:55.24,57.5 1 0
pinz/backend/notification-service/internal/worker/email_worker.go:58.4,60.12 3 0
pinz/backend/notification-service/internal/worker/email_worker.go:62.3,62.34 1 0
pinz/backend/notification-service/internal/worker/email_worker.go:62.34,63.40 1 0
pinz/backend/notification-service/internal/worker/email_worker.go:63.40,69.38 5 0
pinz/backend/notification-service/internal/worker/email_worker.go:69.38,74.14 5 0
pinz/backend/notification-service/internal/worker/email_worker.go:77.5,77.24 1 0
pinz/backend/notification-service/internal/worker/email_worker.go:77.24,82.14 5 0
pinz/backend/notification-service/internal/worker/email_worker.go:85.5,85.74 1 0
pinz/backend/notification-service/internal/worker/email_worker.go:85.74,90.6 3 0
pinz/backend/notification-service/internal/worker/email_worker.go:90.11,95.6 3 0
pinz/backend/notification-service/internal/worker/email_worker.go:96.5,98.67 2 0
pinz/backend/notification-service/internal/worker/trip_events_worker.go:45.65,46.20 1 0
pinz/backend/notification-service/internal/worker/trip_events_worker.go:46.20,50.3 3 0
pinz/backend/notification-service/internal/worker/trip_events_worker.go:51.2,51.93 1 0
pinz/backend/notification-service/internal/worker/trip_events_worker.go:51.93,53.3 1 0
pinz/backend/notification-service/internal/worker/trip_events_worker.go:54.2,56.6 2 0
pinz/backend/notification-service/internal/worker/trip_events_worker.go:56.6,57.10 1 0
pinz/backend/notification-service/internal/worker/trip_events_worker.go:58.21,60.14 2 0
pinz/backend/notification-service/internal/worker/trip_events_worker.go:61.11,61.11 0 0
pinz/backend/notification-service/internal/worker/trip_events_worker.go:63.3,70.37 2 0
pinz/backend/notification-service/internal/worker/trip_events_worker.go:70.37,71.24 1 0
pinz/backend/notification-service/internal/worker/trip_events_worker.go:71.24,73.5 1 0
pinz/backend/notification-service/internal/worker/trip_events_worker.go:74.4,76.12 3 0
pinz/backend/notification-service/internal/worker/trip_events_worker.go:78.3,78.34 1 0
pinz/backend/notification-service/internal/worker/trip_events_worker.go:78.34,79.40 1 0
pinz/backend/notification-service/internal/worker/trip_events_worker.go:79.40,82.56 3 0
pinz/backend/notification-service/internal/worker/trip_events_worker.go:82.56,86.14 3 0
pinz/backend/notification-service/internal/worker/trip_events_worker.go:88.5,90.99 3 0
pinz/backend/notification-service/internal/worker/trip_events_worker.go:90.99,92.6 1 0
pinz/backend/notification-service/internal/worker/trip_events_worker.go:98.87,102.37 4 0
pinz/backend/notification-service/internal/worker/trip_events_worker.go:102.37,104.3 1 0
pinz/backend/notification-service/internal/worker/trip_events_worker.go:106.2,107.16 2 0
pinz/backend/notification-service/internal/worker/trip_events_worker.go:107.16,109.3 1 0
pinz/backend/notification-service/internal/worker/trip_events_worker.go:110.2,110.26 1 0
pinz/backend/notification-service/internal/worker/trip_events_worker.go:110.26,112.3 1 0
pinz/backend/notification-service/internal/worker/trip_events_worker.go:114.2,115.16 2 0
pinz/backend/notification-service/internal/worker/trip_events_worker.go:115.16,118.32 3 0
pinz/backend/notification-service/internal/worker/trip_events_worker.go:118.32,120.4 1 0
pinz/backend/notification-service/internal/worker/trip_events_worker.go:122.2,123.31 2 0
pinz/backend/notification-service/internal/worker/trip_events_worker.go:123.31,124.18 1 0
pinz/backend/notification-service/internal/worker/trip_events_worker.go:124.18,126.4 1 0
pinz/backend/notification-service/internal/worker/trip_events_worker.go:128.2,128.23 1 0
pinz/backend/notification-service/internal/worker/trip_events_worker.go:128.23,130.3 1 0
pinz/backend/notification-service/internal/worker/trip_events_worker.go:132.2,133.16 2 0
pinz/backend/notification-service/internal/worker/trip_events_worker.go:133.16,135.3 1 0
pinz/backend/notification-service/internal/worker/trip_events_worker.go:136.2,136.22 1 0
pinz/backend/notification-service/internal/worker/trip_events_worker.go:136.22,138.3 1 0
pinz/backend/notification-service/internal/worker/trip_events_worker.go:140.2,147.27 3 0
pinz/backend/notification-service/internal/worker/trip_events_worker.go:147.27,148.81 1 0
pinz/backend/notification-service/internal/worker/trip_events_worker.go:148.81,149.12 1 0
pinz/backend/notification-service/internal/worker/trip_events_worker.go:151.3,151.20 1 0
pinz/backend/notification-service/internal/worker/trip_events_worker.go:151.20,152.12 1 0
pinz/backend/notification-service/internal/worker/trip_events_worker.go:154.3,154.61 1 0
pinz/backend/notification-service/internal/worker/trip_events_worker.go:154.61,157.12 2 0
pinz/backend/notification-service/internal/worker/trip_events_worker.go:159.3,159.74 1 0
pinz/backend/notification-service/internal/worker/trip_events_worker.go:159.74,161.4 1 0
pinz/backend/notification-service/internal/worker/trip_events_worker.go:163.2,163.12 1 0
pinz/backend/notification-service/internal/worker/trip_events_worker.go:175.120,177.16 2 0
pinz/backend/notification-service/internal/worker/trip_events_worker.go:177.16,179.3 1 0
pinz/backend/notification-service/internal/worker/trip_events_worker.go:180.2,180.19 1 0
pinz/backend/notification-service/internal/worker/trip_events_worker.go:181.25,182.27 1 0
pinz/backend/notification-service/internal/worker/trip_events_worker.go:183.22,184.24 1 0
pinz/backend/notification-service/internal/worker/trip_events_worker.go:184.24,186.4 1 0
pinz/backend/notification-service/internal/worker/trip_events_worker.go:187.3,187.27 1 0
pinz/backend/notification-service/internal/worker/trip_events_worker.go:188.31,190.34 2 0
pinz/backend/notification-service/internal/worker/trip_events_worker.go:190.34,191.24 1 0
pinz/backend/notification-service/internal/worker/trip_events_worker.go:191.24,193.5 1 0
pinz/backend/notification-service/internal/worker/trip_events_worker.go:195.3,195.24 1 0
pinz/backend/notification-service/internal/worker/trip_events_worker.go:195.24,197.4 1 0
pinz/backend/notification-service/internal/worker/trip_events_worker.go:198.3,198.18 1 0
pinz/backend/notification-service/internal/worker/trip_events_worker.go:199.10,202.34 2 0
pinz/backend/notification-service/internal/worker/trip_events_worker.go:202.34,203.24 1 0
pinz/backend/notification-service/internal/worker/trip_events_worker.go:203.24,205.5 1 0
pinz/backend/notification-service/internal/worker/trip_events_worker.go:207.3,207.18 1 0
pinz/backend/notification-service/internal/worker/trip_events_worker.go:211.66,212.19 1 0
pinz/backend/notification-service/internal/worker/trip_events_worker.go:213.30,214.52 1 0
pinz/backend/notification-service/internal/worker/trip_events_worker.go:215.28,216.47 1 0
pinz/backend/notification-service/internal/worker/trip_events_worker.go:217.31,218.59 1 0
pinz/backend/notification-service/internal/worker/trip_events_worker.go:219.25,220.51 1 0
pinz/backend/notification-service/internal/worker/trip_events_worker.go:221.22,222.38 1 0
pinz/backend/notification-service/internal/worker/trip_events_worker.go:223.21,224.46 1 0
pinz/backend/notification-service/internal/worker/trip_events_worker.go:225.37,228.51 1 0
pinz/backend/notification-service/internal/worker/trip_events_worker.go:229.10,230.31 1 0
pinz/backend/notification-service/internal/worker/trip_events_worker.go:234.89,235.107 1 0
pinz/backend/notification-service/internal/worker/trip_events_worker.go:235.107,238.3 2 0
pinz/backend/notification-service/internal/worker/trip_events_worker.go:239.2,239.12 1 0
pinz/backend/notification-service/internal/worker/trip_events_worker.go:242.37,244.2 1 0
pinz/backend/notification-service/internal/worker/trip_events_worker.go:246.33,247.17 1 0
pinz/backend/notification-service/internal/worker/trip_events_worker.go:247.17,249.3 1 0
pinz/backend/notification-service/internal/worker/trip_events_worker.go:250.2,250.37 1 0
