mode: set
pinz/backend/auth-service/internal/services/auth_service.go:37.67,37.82 1 0
pinz/backend/auth-service/internal/services/auth_service.go:38.67,38.84 1 0
pinz/backend/auth-service/internal/services/auth_service.go:39.67,39.91 1 0
pinz/backend/auth-service/internal/services/auth_service.go:40.67,40.91 1 0
pinz/backend/auth-service/internal/services/auth_service.go:50.68,50.83 1 0
pinz/backend/auth-service/internal/services/auth_service.go:51.68,51.85 1 0
pinz/backend/auth-service/internal/services/auth_service.go:52.68,52.92 1 0
pinz/backend/auth-service/internal/services/auth_service.go:53.68,53.92 1 0
pinz/backend/auth-service/internal/services/auth_service.go:88.16,113.2 6 1
pinz/backend/auth-service/internal/services/auth_service.go:115.117,120.17 4 1
pinz/backend/auth-service/internal/services/auth_service.go:120.17,122.3 1 1
pinz/backend/auth-service/internal/services/auth_service.go:123.2,123.65 1 1
pinz/backend/auth-service/internal/services/auth_service.go:123.65,125.3 1 1
pinz/backend/auth-service/internal/services/auth_service.go:127.2,128.16 2 1
pinz/backend/auth-service/internal/services/auth_service.go:128.16,131.3 2 1
pinz/backend/auth-service/internal/services/auth_service.go:132.2,132.26 1 1
pinz/backend/auth-service/internal/services/auth_service.go:132.26,135.3 2 1
pinz/backend/auth-service/internal/services/auth_service.go:137.2,144.86 6 1
pinz/backend/auth-service/internal/services/auth_service.go:144.86,147.3 2 0
pinz/backend/auth-service/internal/services/auth_service.go:148.2,148.74 1 1
pinz/backend/auth-service/internal/services/auth_service.go:148.74,150.3 1 0
pinz/backend/auth-service/internal/services/auth_service.go:152.2,152.91 1 1
pinz/backend/auth-service/internal/services/auth_service.go:155.129,163.29 5 1
pinz/backend/auth-service/internal/services/auth_service.go:163.29,165.3 1 1
pinz/backend/auth-service/internal/services/auth_service.go:167.2,169.34 3 0
pinz/backend/auth-service/internal/services/auth_service.go:169.34,171.3 1 0
pinz/backend/auth-service/internal/services/auth_service.go:172.2,172.26 1 0
pinz/backend/auth-service/internal/services/auth_service.go:172.26,175.3 2 0
pinz/backend/auth-service/internal/services/auth_service.go:177.2,179.88 3 0
pinz/backend/auth-service/internal/services/auth_service.go:179.88,181.3 1 0
pinz/backend/auth-service/internal/services/auth_service.go:182.2,184.56 2 0
pinz/backend/auth-service/internal/services/auth_service.go:187.144,195.33 5 1
pinz/backend/auth-service/internal/services/auth_service.go:195.33,197.3 1 1
pinz/backend/auth-service/internal/services/auth_service.go:198.2,198.75 1 1
pinz/backend/auth-service/internal/services/auth_service.go:198.75,200.3 1 1
pinz/backend/auth-service/internal/services/auth_service.go:202.2,203.61 2 0
pinz/backend/auth-service/internal/services/auth_service.go:203.61,205.3 1 0
pinz/backend/auth-service/internal/services/auth_service.go:207.2,218.16 4 0
pinz/backend/auth-service/internal/services/auth_service.go:218.16,221.3 2 0
pinz/backend/auth-service/internal/services/auth_service.go:223.2,229.16 3 0
pinz/backend/auth-service/internal/services/auth_service.go:229.16,231.3 1 0
pinz/backend/auth-service/internal/services/auth_service.go:232.2,233.82 2 0
pinz/backend/auth-service/internal/services/auth_service.go:233.82,235.3 1 0
pinz/backend/auth-service/internal/services/auth_service.go:237.2,240.16 3 0
pinz/backend/auth-service/internal/services/auth_service.go:240.16,242.3 1 0
pinz/backend/auth-service/internal/services/auth_service.go:243.2,243.72 1 0
pinz/backend/auth-service/internal/services/auth_service.go:246.147,254.37 5 1
pinz/backend/auth-service/internal/services/auth_service.go:254.37,256.3 1 1
pinz/backend/auth-service/internal/services/auth_service.go:258.2,260.16 3 0
pinz/backend/auth-service/internal/services/auth_service.go:260.16,262.3 1 0
pinz/backend/auth-service/internal/services/auth_service.go:264.2,266.16 3 0
pinz/backend/auth-service/internal/services/auth_service.go:266.16,268.3 1 0
pinz/backend/auth-service/internal/services/auth_service.go:270.2,271.64 2 0
pinz/backend/auth-service/internal/services/auth_service.go:271.64,273.3 1 0
pinz/backend/auth-service/internal/services/auth_service.go:275.2,276.16 2 0
pinz/backend/auth-service/internal/services/auth_service.go:276.16,278.3 1 0
pinz/backend/auth-service/internal/services/auth_service.go:279.2,286.16 3 0
pinz/backend/auth-service/internal/services/auth_service.go:286.16,288.3 1 0
pinz/backend/auth-service/internal/services/auth_service.go:289.2,290.16 2 0
pinz/backend/auth-service/internal/services/auth_service.go:290.16,292.3 1 0
pinz/backend/auth-service/internal/services/auth_service.go:294.2,299.49 2 0
pinz/backend/auth-service/internal/services/auth_service.go:299.49,300.29 1 0
pinz/backend/auth-service/internal/services/auth_service.go:300.29,303.4 2 0
pinz/backend/auth-service/internal/services/auth_service.go:304.3,306.68 3 0
pinz/backend/auth-service/internal/services/auth_service.go:309.2,309.70 1 0
pinz/backend/auth-service/internal/services/auth_service.go:309.70,313.3 3 0
pinz/backend/auth-service/internal/services/auth_service.go:315.2,319.30 4 0
pinz/backend/auth-service/internal/services/auth_service.go:322.135,329.17 4 1
pinz/backend/auth-service/internal/services/auth_service.go:329.17,331.3 1 1
pinz/backend/auth-service/internal/services/auth_service.go:333.2,334.26 2 0
pinz/backend/auth-service/internal/services/auth_service.go:334.26,336.3 1 0
pinz/backend/auth-service/internal/services/auth_service.go:337.2,337.16 1 0
pinz/backend/auth-service/internal/services/auth_service.go:337.16,340.3 2 0
pinz/backend/auth-service/internal/services/auth_service.go:342.2,343.16 2 0
pinz/backend/auth-service/internal/services/auth_service.go:343.16,346.3 2 0
pinz/backend/auth-service/internal/services/auth_service.go:347.2,347.21 1 0
pinz/backend/auth-service/internal/services/auth_service.go:347.21,349.3 1 0
pinz/backend/auth-service/internal/services/auth_service.go:351.2,352.16 2 0
pinz/backend/auth-service/internal/services/auth_service.go:352.16,354.3 1 0
pinz/backend/auth-service/internal/services/auth_service.go:355.2,363.16 3 0
pinz/backend/auth-service/internal/services/auth_service.go:363.16,366.3 2 0
pinz/backend/auth-service/internal/services/auth_service.go:368.2,370.16 3 0
pinz/backend/auth-service/internal/services/auth_service.go:370.16,372.3 1 0
pinz/backend/auth-service/internal/services/auth_service.go:373.2,374.82 2 0
pinz/backend/auth-service/internal/services/auth_service.go:374.82,376.3 1 0
pinz/backend/auth-service/internal/services/auth_service.go:378.2,379.16 2 0
pinz/backend/auth-service/internal/services/auth_service.go:379.16,381.3 1 0
pinz/backend/auth-service/internal/services/auth_service.go:382.2,382.69 1 0
pinz/backend/auth-service/internal/services/auth_service.go:385.138,393.39 5 1
pinz/backend/auth-service/internal/services/auth_service.go:393.39,395.3 1 1
pinz/backend/auth-service/internal/services/auth_service.go:397.2,398.26 2 0
pinz/backend/auth-service/internal/services/auth_service.go:398.26,404.3 2 0
pinz/backend/auth-service/internal/services/auth_service.go:405.2,405.16 1 0
pinz/backend/auth-service/internal/services/auth_service.go:405.16,408.3 2 0
pinz/backend/auth-service/internal/services/auth_service.go:410.2,412.16 3 0
pinz/backend/auth-service/internal/services/auth_service.go:412.16,414.3 1 0
pinz/backend/auth-service/internal/services/auth_service.go:416.2,417.64 2 0
pinz/backend/auth-service/internal/services/auth_service.go:417.64,419.3 1 0
pinz/backend/auth-service/internal/services/auth_service.go:421.2,422.16 2 0
pinz/backend/auth-service/internal/services/auth_service.go:422.16,425.3 2 0
pinz/backend/auth-service/internal/services/auth_service.go:427.2,428.16 2 0
pinz/backend/auth-service/internal/services/auth_service.go:428.16,430.3 1 0
pinz/backend/auth-service/internal/services/auth_service.go:431.2,439.16 3 0
pinz/backend/auth-service/internal/services/auth_service.go:439.16,441.3 1 0
pinz/backend/auth-service/internal/services/auth_service.go:442.2,443.16 2 0
pinz/backend/auth-service/internal/services/auth_service.go:443.16,449.3 2 0
pinz/backend/auth-service/internal/services/auth_service.go:451.2,451.65 1 0
pinz/backend/auth-service/internal/services/auth_service.go:451.65,453.3 1 0
pinz/backend/auth-service/internal/services/auth_service.go:454.2,463.16 5 0
pinz/backend/auth-service/internal/services/auth_service.go:463.16,465.3 1 0
pinz/backend/auth-service/internal/services/auth_service.go:466.2,469.8 1 0
pinz/backend/auth-service/internal/services/auth_service.go:472.120,477.14 4 1
pinz/backend/auth-service/internal/services/auth_service.go:477.14,479.3 1 1
pinz/backend/auth-service/internal/services/auth_service.go:481.2,482.26 2 1
pinz/backend/auth-service/internal/services/auth_service.go:482.26,484.3 1 1
pinz/backend/auth-service/internal/services/auth_service.go:485.2,485.16 1 1
pinz/backend/auth-service/internal/services/auth_service.go:485.16,488.3 2 0
pinz/backend/auth-service/internal/services/auth_service.go:489.2,489.37 1 1
pinz/backend/auth-service/internal/services/auth_service.go:489.37,491.3 1 1
pinz/backend/auth-service/internal/services/auth_service.go:493.2,494.16 2 1
pinz/backend/auth-service/internal/services/auth_service.go:494.16,497.3 2 0
pinz/backend/auth-service/internal/services/auth_service.go:499.2,500.18 2 1
pinz/backend/auth-service/internal/services/auth_service.go:500.18,502.3 1 0
pinz/backend/auth-service/internal/services/auth_service.go:503.2,504.16 2 1
pinz/backend/auth-service/internal/services/auth_service.go:504.16,506.3 1 0
pinz/backend/auth-service/internal/services/auth_service.go:508.2,509.64 2 1
pinz/backend/auth-service/internal/services/auth_service.go:512.102,517.14 4 1
pinz/backend/auth-service/internal/services/auth_service.go:517.14,519.3 1 1
pinz/backend/auth-service/internal/services/auth_service.go:521.2,522.26 2 1
pinz/backend/auth-service/internal/services/auth_service.go:522.26,524.3 1 1
pinz/backend/auth-service/internal/services/auth_service.go:525.2,525.16 1 0
pinz/backend/auth-service/internal/services/auth_service.go:525.16,528.3 2 0
pinz/backend/auth-service/internal/services/auth_service.go:529.2,529.62 1 0
pinz/backend/auth-service/internal/services/auth_service.go:529.62,532.3 2 0
pinz/backend/auth-service/internal/services/auth_service.go:533.2,533.47 1 0
pinz/backend/auth-service/internal/services/auth_service.go:537.115,542.18 4 0
pinz/backend/auth-service/internal/services/auth_service.go:542.18,544.3 1 0
pinz/backend/auth-service/internal/services/auth_service.go:545.2,546.16 2 0
pinz/backend/auth-service/internal/services/auth_service.go:546.16,548.3 1 0
pinz/backend/auth-service/internal/services/auth_service.go:549.2,550.16 2 0
pinz/backend/auth-service/internal/services/auth_service.go:550.16,552.3 1 0
pinz/backend/auth-service/internal/services/auth_service.go:553.2,554.77 2 0
pinz/backend/auth-service/internal/services/auth_service.go:554.77,557.3 2 0
pinz/backend/auth-service/internal/services/auth_service.go:558.2,561.8 1 0
pinz/backend/auth-service/internal/services/auth_service.go:564.108,571.17 4 1
pinz/backend/auth-service/internal/services/auth_service.go:571.17,573.3 1 1
pinz/backend/auth-service/internal/services/auth_service.go:575.2,576.26 2 1
pinz/backend/auth-service/internal/services/auth_service.go:576.26,578.3 1 1
pinz/backend/auth-service/internal/services/auth_service.go:579.2,579.16 1 0
pinz/backend/auth-service/internal/services/auth_service.go:579.16,582.3 2 0
pinz/backend/auth-service/internal/services/auth_service.go:584.2,590.16 3 0
pinz/backend/auth-service/internal/services/auth_service.go:590.16,592.3 1 0
pinz/backend/auth-service/internal/services/auth_service.go:593.2,596.8 1 0
pinz/backend/auth-service/internal/services/auth_service.go:599.40,601.45 2 1
pinz/backend/auth-service/internal/services/auth_service.go:601.45,603.3 1 1
pinz/backend/auth-service/internal/services/auth_service.go:604.2,604.14 1 1
